<html>
<body>
<pre>
<h1>µVision Build Log</h1>
<h2>Tool Versions:</h2>
IDE-Version: ¦ÌVision V5.14.0.0
Copyright (C) 2015 ARM Ltd and ARM Germany GmbH. All rights reserved.
License Information: MsTS MsTS, MsTS, LIC=HF8LQ-NHDJ0-47GRQ-NDK74-DDAAK-YAKBE
 
Tool Versions:
Toolchain:       MDK-ARM Professional  Version: 5.14.0.0
Toolchain Path:  E:\MDK5\ARM\ARMCC\Bin
C Compiler:      Armcc.exe V5.05 update 1 (build 106)
Assembler:       Armasm.exe V5.05 update 1 (build 106)
Linker/Locator:  ArmLink.exe V5.05 update 1 (build 106)
Library Manager: ArmAr.exe V5.05 update 1 (build 106)
Hex Converter:   FromElf.exe V5.05 update 1 (build 106)
CPU DLL:         SARMCM3.DLL V5.14.0.0
Dialog DLL:      DCM.DLL V1.13.1.0
Target DLL:      Segger\JL2CM3.dll V2.99.13.0
Dialog DLL:      TCM.DLL V1.14.4.0
 
<h2>Project:</h2>
C:\Users\MsTS\Desktop\SD_Card-IAP\MDK-ARM\SD_Card-IAP.uvprojx
Project File Date:  02/07/2017

<h2>Output:</h2>
Build target 'SD_Card-IAP'
compiling stm32f4xx_it.c...
compiling stm32f4xx_hal_msp.c...
compiling bsp_driver_sd.c...
compiling dma.c...
compiling usart.c...
compiling main.c...
../Src/main.c(152): warning:  #191-D: type qualifier is meaningless on cast type
        if(f_mount(&fs,(TCHAR *const)SD_Path,0) == FR_OK)
../Src/main.c(176): warning:  #1035-D: single-precision operand implicitly converted to double-precision
                        printf("Usage time: %.6fs\r\n",((float)copytime)/1000000.0);
../Src/main.c(218): warning:  #1035-D: single-precision operand implicitly converted to double-precision
                printf("Usage time: %.6fs\r\n",((float)copytime)/1000000.0);
../Src/main.c: 3 warnings, 0 errors
compiling gpio.c...
compiling sdio.c...
compiling fatfs.c...
compiling tim.c...
compiling stm32f4xx_hal_dma_ex.c...
compiling stm32f4xx_hal_dma.c...
compiling stm32f4xx_hal_rcc.c...
compiling stm32f4xx_hal_sd.c...
compiling stm32f4xx_hal_tim.c...
compiling stm32f4xx_hal.c...
compiling stm32f4xx_hal_flash_ramfunc.c...
compiling stm32f4xx_hal_rcc_ex.c...
compiling stm32f4xx_hal_pwr_ex.c...
compiling stm32f4xx_hal_uart.c...
compiling stm32f4xx_ll_sdmmc.c...
compiling stm32f4xx_hal_flash.c...
compiling stm32f4xx_hal_pwr.c...
compiling stm32f4xx_hal_flash_ex.c...
compiling stm32f4xx_hal_gpio.c...
compiling stm32f4xx_hal_tim_ex.c...
compiling stm32f4xx_hal_cortex.c...
compiling system_stm32f4xx.c...
assembling startup_stm32f407xx.s...
compiling sd_diskio.c...
compiling ff.c...
compiling cc936.c...
compiling ff_gen_drv.c...
compiling diskio.c...
compiling syscall.c...
linking...
Program Size: Code=22156 RO-data=175832 RW-data=60 ZI-data=10396  
FromELF: creating hex file...
After Build - User command #1: E:\MDK5\ARM\ARMCC\bin\fromelf.exe  --bin -o  ./SD_Card-IAP/app.bin  ./SD_Card-IAP/SD_Card-IAP.axf
"SD_Card-IAP\SD_Card-IAP.axf" - 0 Error(s), 3 Warning(s).

<h2>Software Packages used:</h2>

Package Vendor: ARM
                http://www.keil.com/pack/ARM.CMSIS.4.2.0.pack
                ARM::CMSIS:CORE:3.40.0
                CMSIS (Cortex Microcontroller Software Interface Standard)
   * Component: CORE Version: 3.40.0

<h2>Collection of Component include folders:</h2>
  C:\Users\MsTS\Desktop\SD_Card-IAP\MDK-ARM\RTE
  E:\MDK5\ARM\PACK\ARM\CMSIS\4.2.0\CMSIS\Include
  E:\MDK5\ARM\PACK\Keil\STM32F4xx_DFP\2.9.0

<h2>Collection of Component Files used:</h2>

   * Component: ARM::CMSIS:CORE:3.40.0
      Source file:   CMSIS\UserCodeTemplates\ARM\ITM_Retarget.c
</pre>
</body>
</html>
