Component: ARM Compiler 5.05 update 1 (build 106) Tool: armlink [4d0efa]

==============================================================================

Section Cross References

    stm32f4xx_it.o(i.DMA2_Stream3_IRQHandler) refers to stm32f4xx_hal_dma.o(i.HAL_DMA_IRQHandler) for HAL_DMA_IRQHandler
    stm32f4xx_it.o(i.DMA2_Stream3_IRQHandler) refers to sdio.o(.bss) for hdma_sdio_rx
    stm32f4xx_it.o(i.DMA2_Stream6_IRQHandler) refers to stm32f4xx_hal_dma.o(i.HAL_DMA_IRQHandler) for HAL_DMA_IRQHandler
    stm32f4xx_it.o(i.DMA2_Stream6_IRQHandler) refers to sdio.o(.bss) for hdma_sdio_tx
    stm32f4xx_it.o(i.SDIO_IRQHandler) refers to stm32f4xx_hal_sd.o(i.HAL_SD_IRQHandler) for HAL_SD_IRQHandler
    stm32f4xx_it.o(i.SDIO_IRQHandler) refers to sdio.o(.bss) for hsd
    stm32f4xx_it.o(i.SysTick_Handler) refers to stm32f4xx_hal.o(i.HAL_IncTick) for HAL_IncTick
    stm32f4xx_it.o(i.SysTick_Handler) refers to stm32f4xx_hal_cortex.o(i.HAL_SYSTICK_IRQHandler) for HAL_SYSTICK_IRQHandler
    stm32f4xx_it.o(i.TIM2_IRQHandler) refers to stm32f4xx_hal_tim.o(i.HAL_TIM_IRQHandler) for HAL_TIM_IRQHandler
    stm32f4xx_it.o(i.TIM2_IRQHandler) refers to tim.o(.bss) for htim2
    stm32f4xx_hal_msp.o(i.HAL_MspInit) refers to stm32f4xx_hal_cortex.o(i.HAL_NVIC_SetPriorityGrouping) for HAL_NVIC_SetPriorityGrouping
    stm32f4xx_hal_msp.o(i.HAL_MspInit) refers to stm32f4xx_hal_cortex.o(i.HAL_NVIC_SetPriority) for HAL_NVIC_SetPriority
    bsp_driver_sd.o(i.BSP_SD_DMA_Rx_IRQHandler) refers to stm32f4xx_hal_dma.o(i.HAL_DMA_IRQHandler) for HAL_DMA_IRQHandler
    bsp_driver_sd.o(i.BSP_SD_DMA_Rx_IRQHandler) refers to sdio.o(.bss) for hsd
    bsp_driver_sd.o(i.BSP_SD_DMA_Tx_IRQHandler) refers to stm32f4xx_hal_dma.o(i.HAL_DMA_IRQHandler) for HAL_DMA_IRQHandler
    bsp_driver_sd.o(i.BSP_SD_DMA_Tx_IRQHandler) refers to sdio.o(.bss) for hsd
    bsp_driver_sd.o(i.BSP_SD_Erase) refers to stm32f4xx_hal_sd.o(i.HAL_SD_Erase) for HAL_SD_Erase
    bsp_driver_sd.o(i.BSP_SD_Erase) refers to sdio.o(.bss) for hsd
    bsp_driver_sd.o(i.BSP_SD_GetCardInfo) refers to stm32f4xx_hal_sd.o(i.HAL_SD_Get_CardInfo) for HAL_SD_Get_CardInfo
    bsp_driver_sd.o(i.BSP_SD_GetCardInfo) refers to sdio.o(.bss) for hsd
    bsp_driver_sd.o(i.BSP_SD_GetStatus) refers to stm32f4xx_hal_sd.o(i.HAL_SD_GetStatus) for HAL_SD_GetStatus
    bsp_driver_sd.o(i.BSP_SD_GetStatus) refers to sdio.o(.bss) for hsd
    bsp_driver_sd.o(i.BSP_SD_IRQHandler) refers to stm32f4xx_hal_sd.o(i.HAL_SD_IRQHandler) for HAL_SD_IRQHandler
    bsp_driver_sd.o(i.BSP_SD_IRQHandler) refers to sdio.o(.bss) for hsd
    bsp_driver_sd.o(i.BSP_SD_Init) refers to stm32f4xx_hal_sd.o(i.HAL_SD_Init) for HAL_SD_Init
    bsp_driver_sd.o(i.BSP_SD_Init) refers to stm32f4xx_hal_sd.o(i.HAL_SD_WideBusOperation_Config) for HAL_SD_WideBusOperation_Config
    bsp_driver_sd.o(i.BSP_SD_Init) refers to sdio.o(.bss) for SDCardInfo
    bsp_driver_sd.o(i.BSP_SD_Init) refers to sdio.o(.bss) for hsd
    bsp_driver_sd.o(i.BSP_SD_ReadBlocks) refers to stm32f4xx_hal_sd.o(i.HAL_SD_ReadBlocks) for HAL_SD_ReadBlocks
    bsp_driver_sd.o(i.BSP_SD_ReadBlocks) refers to sdio.o(.bss) for hsd
    bsp_driver_sd.o(i.BSP_SD_ReadBlocks_DMA) refers to stm32f4xx_hal_sd.o(i.HAL_SD_ReadBlocks_DMA) for HAL_SD_ReadBlocks_DMA
    bsp_driver_sd.o(i.BSP_SD_ReadBlocks_DMA) refers to stm32f4xx_hal_sd.o(i.HAL_SD_CheckReadOperation) for HAL_SD_CheckReadOperation
    bsp_driver_sd.o(i.BSP_SD_ReadBlocks_DMA) refers to sdio.o(.bss) for hsd
    bsp_driver_sd.o(i.BSP_SD_WriteBlocks) refers to stm32f4xx_hal_sd.o(i.HAL_SD_WriteBlocks) for HAL_SD_WriteBlocks
    bsp_driver_sd.o(i.BSP_SD_WriteBlocks) refers to sdio.o(.bss) for hsd
    bsp_driver_sd.o(i.BSP_SD_WriteBlocks_DMA) refers to stm32f4xx_hal_sd.o(i.HAL_SD_WriteBlocks_DMA) for HAL_SD_WriteBlocks_DMA
    bsp_driver_sd.o(i.BSP_SD_WriteBlocks_DMA) refers to stm32f4xx_hal_sd.o(i.HAL_SD_CheckWriteOperation) for HAL_SD_CheckWriteOperation
    bsp_driver_sd.o(i.BSP_SD_WriteBlocks_DMA) refers to sdio.o(.bss) for hsd
    dma.o(i.MX_DMA_Init) refers to stm32f4xx_hal_cortex.o(i.HAL_NVIC_SetPriority) for HAL_NVIC_SetPriority
    dma.o(i.MX_DMA_Init) refers to stm32f4xx_hal_cortex.o(i.HAL_NVIC_EnableIRQ) for HAL_NVIC_EnableIRQ
    usart.o(i.HAL_UART_MspDeInit) refers to stm32f4xx_hal_gpio.o(i.HAL_GPIO_DeInit) for HAL_GPIO_DeInit
    usart.o(i.HAL_UART_MspInit) refers to stm32f4xx_hal_gpio.o(i.HAL_GPIO_Init) for HAL_GPIO_Init
    usart.o(i.MX_USART1_UART_Init) refers to stm32f4xx_hal_uart.o(i.HAL_UART_Init) for HAL_UART_Init
    usart.o(i.MX_USART1_UART_Init) refers to main.o(i.Error_Handler) for Error_Handler
    usart.o(i.MX_USART1_UART_Init) refers to usart.o(.bss) for .bss
    main.o(i.Error_Handler) refers to stm32f4xx_hal_tim.o(i.HAL_TIM_Base_Stop_IT) for HAL_TIM_Base_Stop_IT
    main.o(i.Error_Handler) refers to printfa.o(i.__0printf) for __2printf
    main.o(i.Error_Handler) refers to main.o(.emb_text) for MSR_MSP
    main.o(i.Error_Handler) refers to main.o(.data) for .data
[...]
    .text                                    0x080001c8   Section        0  ddiv.o(.text)
    .text                                    0x080002a6   Section        0  f2d.o(.text)
    .text                                    0x080002cc   Section        0  uidiv.o(.text)
    .text                                    0x080002f8   Section        0  uldiv.o(.text)
    .text                                    0x0800035a   Section        0  iusefp.o(.text)
    .text                                    0x0800035a   Section        0  depilogue.o(.text)
    .text                                    0x08000414   Section        0  dadd.o(.text)
    .text                                    0x08000562   Section        0  dmul.o(.text)
    .text                                    0x08000646   Section        0  dfixul.o(.text)
    .text                                    0x08000678   Section       48  cdrcmple.o(.text)
    .text                                    0x080006a8   Section       36  init.o(.text)
    .text                                    0x080006cc   Section        0  llshl.o(.text)
    .text                                    0x080006ea   Section        0  llushr.o(.text)
    .text                                    0x0800070a   Section        0  llsshr.o(.text)
    i.BSP_SD_GetCardInfo                     0x08000730   Section        0  bsp_driver_sd.o(i.BSP_SD_GetCardInfo)
    i.BSP_SD_GetStatus                       0x0800073c   Section        0  bsp_driver_sd.o(i.BSP_SD_GetStatus)
    i.BSP_SD_Init                            0x08000748   Section        0  bsp_driver_sd.o(i.BSP_SD_Init)
    i.BSP_SD_ReadBlocks_DMA                  0x08000784   Section        0  bsp_driver_sd.o(i.BSP_SD_ReadBlocks_DMA)
    i.BSP_SD_WriteBlocks_DMA                 0x080007b8   Section        0  bsp_driver_sd.o(i.BSP_SD_WriteBlocks_DMA)
    i.BusFault_Handler                       0x080007ec   Section        0  stm32f4xx_it.o(i.BusFault_Handler)
    i.DMA2_Stream3_IRQHandler                0x080007f0   Section        0  stm32f4xx_it.o(i.DMA2_Stream3_IRQHandler)
    i.DMA2_Stream6_IRQHandler                0x080007fc   Section        0  stm32f4xx_it.o(i.DMA2_Stream6_IRQHandler)
    i.DMA_CalcBaseAndBitshift                0x08000808   Section        0  stm32f4xx_hal_dma.o(i.DMA_CalcBaseAndBitshift)
    DMA_CalcBaseAndBitshift                  0x08000809   Thumb Code    34  stm32f4xx_hal_dma.o(i.DMA_CalcBaseAndBitshift)
    i.DMA_CheckFifoParam                     0x08000830   Section        0  stm32f4xx_hal_dma.o(i.DMA_CheckFifoParam)
    DMA_CheckFifoParam                       0x08000831   Thumb Code    84  stm32f4xx_hal_dma.o(i.DMA_CheckFifoParam)
    i.DMA_SetConfig                          0x08000884   Section        0  stm32f4xx_hal_dma.o(i.DMA_SetConfig)
    DMA_SetConfig                            0x08000885   Thumb Code    40  stm32f4xx_hal_dma.o(i.DMA_SetConfig)
    i.DebugMon_Handler                       0x080008ac   Section        0  stm32f4xx_it.o(i.DebugMon_Handler)
    i.Error_Handler                          0x080008b0   Section        0  main.o(i.Error_Handler)
    i.FATFS_LinkDriver                       0x080009d8   Section        0  ff_gen_drv.o(i.FATFS_LinkDriver)
    i.FATFS_LinkDriverEx                     0x080009e0   Section        0  ff_gen_drv.o(i.FATFS_LinkDriverEx)
    i.FLASH_Erase_Sector                     0x08000a20   Section        0  stm32f4xx_hal_flash_ex.o(i.FLASH_Erase_Sector)
    i.FLASH_FlushCaches                      0x08000a78   Section        0  stm32f4xx_hal_flash_ex.o(i.FLASH_FlushCaches)
    i.FLASH_MassErase                        0x08000acc   Section        0  stm32f4xx_hal_flash_ex.o(i.FLASH_MassErase)
    FLASH_MassErase                          0x08000acd   Thumb Code    34  stm32f4xx_hal_flash_ex.o(i.FLASH_MassErase)
    i.FLASH_Program_Byte                     0x08000af4   Section        0  stm32f4xx_hal_flash.o(i.FLASH_Program_Byte)
    FLASH_Program_Byte                       0x08000af5   Thumb Code    26  stm32f4xx_hal_flash.o(i.FLASH_Program_Byte)
    i.FLASH_Program_DoubleWord               0x08000b14   Section        0  stm32f4xx_hal_flash.o(i.FLASH_Program_DoubleWord)
    FLASH_Program_DoubleWord                 0x08000b15   Thumb Code    34  stm32f4xx_hal_flash.o(i.FLASH_Program_DoubleWord)
    i.FLASH_Program_HalfWord                 0x08000b3c   Section        0  stm32f4xx_hal_flash.o(i.FLASH_Program_HalfWord)
    FLASH_Program_HalfWord                   0x08000b3d   Thumb Code    30  stm32f4xx_hal_flash.o(i.FLASH_Program_HalfWord)
    i.FLASH_Program_Word                     0x08000b60   Section        0  stm32f4xx_hal_flash.o(i.FLASH_Program_Word)
    FLASH_Program_Word                       0x08000b61   Thumb Code    30  stm32f4xx_hal_flash.o(i.FLASH_Program_Word)
    i.FLASH_SetErrorCode                     0x08000b84   Section        0  stm32f4xx_hal_flash.o(i.FLASH_SetErrorCode)
    FLASH_SetErrorCode                       0x08000b85   Thumb Code   128  stm32f4xx_hal_flash.o(i.FLASH_SetErrorCode)
    i.FLASH_WaitForLastOperation             0x08000c0c   Section        0  stm32f4xx_hal_flash.o(i.FLASH_WaitForLastOperation)
    i.HAL_DMA_Abort                          0x08000c64   Section        0  stm32f4xx_hal_dma.o(i.HAL_DMA_Abort)
    i.HAL_DMA_IRQHandler                     0x08000cf4   Section        0  stm32f4xx_hal_dma.o(i.HAL_DMA_IRQHandler)
    i.HAL_DMA_Init                           0x08000e9c   Section        0  stm32f4xx_hal_dma.o(i.HAL_DMA_Init)
    i.HAL_DMA_Start_IT                       0x08000f6c   Section        0  stm32f4xx_hal_dma.o(i.HAL_DMA_Start_IT)
    i.HAL_Delay                              0x08000fe4   Section        0  stm32f4xx_hal.o(i.HAL_Delay)
    i.HAL_FLASHEx_Erase                      0x08000ffc   Section        0  stm32f4xx_hal_flash_ex.o(i.HAL_FLASHEx_Erase)
    i.HAL_FLASH_Program                      0x08001094   Section        0  stm32f4xx_hal_flash.o(i.HAL_FLASH_Program)
    i.HAL_FLASH_Unlock                       0x08001110   Section        0  stm32f4xx_hal_flash.o(i.HAL_FLASH_Unlock)
    i.HAL_GPIO_Init                          0x08001138   Section        0  stm32f4xx_hal_gpio.o(i.HAL_GPIO_Init)
    i.HAL_GPIO_WritePin                      0x080012e8   Section        0  stm32f4xx_hal_gpio.o(i.HAL_GPIO_WritePin)
    i.HAL_GetTick                            0x080012f4   Section        0  stm32f4xx_hal.o(i.HAL_GetTick)
    i.HAL_IncTick                            0x08001300   Section        0  stm32f4xx_hal.o(i.HAL_IncTick)
    i.HAL_Init                               0x08001310   Section        0  stm32f4xx_hal.o(i.HAL_Init)
    i.HAL_InitTick                           0x08001344   Section        0  stm32f4xx_hal.o(i.HAL_InitTick)
    i.HAL_MspInit                            0x0800136c   Section        0  stm32f4xx_hal_msp.o(i.HAL_MspInit)
    i.HAL_NVIC_EnableIRQ                     0x080013c4   Section        0  stm32f4xx_hal_cortex.o(i.HAL_NVIC_EnableIRQ)
    i.HAL_NVIC_SetPriority                   0x080013dc   Section        0  stm32f4xx_hal_cortex.o(i.HAL_NVIC_SetPriority)
    i.HAL_NVIC_SetPriorityGrouping           0x0800141c   Section        0  stm32f4xx_hal_cortex.o(i.HAL_NVIC_SetPriorityGrouping)
    i.HAL_RCC_ClockConfig                    0x08001440   Section        0  stm32f4xx_hal_rcc.o(i.HAL_RCC_ClockConfig)
    i.HAL_RCC_GetHCLKFreq                    0x080015bc   Section        0  stm32f4xx_hal_rcc.o(i.HAL_RCC_GetHCLKFreq)
    i.HAL_RCC_GetPCLK1Freq                   0x080015c8   Section        0  stm32f4xx_hal_rcc.o(i.HAL_RCC_GetPCLK1Freq)
    i.HAL_RCC_GetPCLK2Freq                   0x080015f8   Section        0  stm32f4xx_hal_rcc.o(i.HAL_RCC_GetPCLK2Freq)
    i.HAL_RCC_GetSysClockFreq                0x08001628   Section        0  stm32f4xx_hal_rcc.o(i.HAL_RCC_GetSysClockFreq)
    i.HAL_RCC_OscConfig                      0x0800169c   Section        0  stm32f4xx_hal_rcc.o(i.HAL_RCC_OscConfig)
    i.HAL_SD_CheckReadOperation              0x08001980   Section        0  stm32f4xx_hal_sd.o(i.HAL_SD_CheckReadOperation)
    i.HAL_SD_CheckWriteOperation             0x080019de   Section        0  stm32f4xx_hal_sd.o(i.HAL_SD_CheckWriteOperation)
    i.HAL_SD_DMA_RxCpltCallback              0x08001a4a   Section        0  stm32f4xx_hal_sd.o(i.HAL_SD_DMA_RxCpltCallback)
    i.HAL_SD_DMA_RxErrorCallback             0x08001a4c   Section        0  stm32f4xx_hal_sd.o(i.HAL_SD_DMA_RxErrorCallback)
    i.HAL_SD_DMA_TxCpltCallback              0x08001a4e   Section        0  stm32f4xx_hal_sd.o(i.HAL_SD_DMA_TxCpltCallback)
    i.HAL_SD_DMA_TxErrorCallback             0x08001a50   Section        0  stm32f4xx_hal_sd.o(i.HAL_SD_DMA_TxErrorCallback)
    i.HAL_SD_GetStatus                       0x08001a52   Section        0  stm32f4xx_hal_sd.o(i.HAL_SD_GetStatus)
    i.HAL_SD_Get_CardInfo                    0x08001aa0   Section        0  stm32f4xx_hal_sd.o(i.HAL_SD_Get_CardInfo)
    i.HAL_SD_IRQHandler                      0x08001d54   Section        0  stm32f4xx_hal_sd.o(i.HAL_SD_IRQHandler)
    i.HAL_SD_Init                            0x08001dd0   Section        0  stm32f4xx_hal_sd.o(i.HAL_SD_Init)
    i.HAL_SD_MspInit                         0x08001e70   Section        0  sdio.o(i.HAL_SD_MspInit)
    i.HAL_SD_ReadBlocks_DMA                  0x08001f80   Section        0  stm32f4xx_hal_sd.o(i.HAL_SD_ReadBlocks_DMA)
    i.HAL_SD_StopTransfer                    0x08002070   Section        0  stm32f4xx_hal_sd.o(i.HAL_SD_StopTransfer)
    i.HAL_SD_WideBusOperation_Config         0x0800209c   Section        0  stm32f4xx_hal_sd.o(i.HAL_SD_WideBusOperation_Config)
    i.HAL_SD_WriteBlocks_DMA                 0x080020fc   Section        0  stm32f4xx_hal_sd.o(i.HAL_SD_WriteBlocks_DMA)
    i.HAL_SD_XferCpltCallback                0x080021f0   Section        0  stm32f4xx_hal_sd.o(i.HAL_SD_XferCpltCallback)
    i.HAL_SD_XferErrorCallback               0x080021f2   Section        0  stm32f4xx_hal_sd.o(i.HAL_SD_XferErrorCallback)
    i.HAL_SYSTICK_CLKSourceConfig            0x080021f4   Section        0  stm32f4xx_hal_cortex.o(i.HAL_SYSTICK_CLKSourceConfig)
    i.HAL_SYSTICK_Callback                   0x0800220c   Section        0  stm32f4xx_hal_cortex.o(i.HAL_SYSTICK_Callback)
    i.HAL_SYSTICK_Config                     0x0800220e   Section        0  stm32f4xx_hal_cortex.o(i.HAL_SYSTICK_Config)
    i.HAL_SYSTICK_IRQHandler                 0x08002236   Section        0  stm32f4xx_hal_cortex.o(i.HAL_SYSTICK_IRQHandler)
    i.HAL_TIMEx_BreakCallback                0x0800223e   Section        0  stm32f4xx_hal_tim_ex.o(i.HAL_TIMEx_BreakCallback)
    i.HAL_TIMEx_CommutationCallback          0x08002240   Section        0  stm32f4xx_hal_tim_ex.o(i.HAL_TIMEx_CommutationCallback)
    i.HAL_TIMEx_MasterConfigSynchronization  0x08002242   Section        0  stm32f4xx_hal_tim_ex.o(i.HAL_TIMEx_MasterConfigSynchronization)
    i.HAL_TIM_Base_Init                      0x08002292   Section        0  stm32f4xx_hal_tim.o(i.HAL_TIM_Base_Init)
    i.HAL_TIM_Base_MspInit                   0x080022c8   Section        0  tim.o(i.HAL_TIM_Base_MspInit)
    i.HAL_TIM_Base_Start_IT                  0x08002300   Section        0  stm32f4xx_hal_tim.o(i.HAL_TIM_Base_Start_IT)
    i.HAL_TIM_Base_Stop_IT                   0x08002318   Section        0  stm32f4xx_hal_tim.o(i.HAL_TIM_Base_Stop_IT)
    i.HAL_TIM_ConfigClockSource              0x08002342   Section        0  stm32f4xx_hal_tim.o(i.HAL_TIM_ConfigClockSource)
    i.HAL_TIM_IC_CaptureCallback             0x08002434   Section        0  stm32f4xx_hal_tim.o(i.HAL_TIM_IC_CaptureCallback)
    i.HAL_TIM_IRQHandler                     0x08002436   Section        0  stm32f4xx_hal_tim.o(i.HAL_TIM_IRQHandler)
    i.HAL_TIM_OC_DelayElapsedCallback        0x0800259c   Section        0  stm32f4xx_hal_tim.o(i.HAL_TIM_OC_DelayElapsedCallback)
    i.HAL_TIM_PWM_PulseFinishedCallback      0x0800259e   Section        0  stm32f4xx_hal_tim.o(i.HAL_TIM_PWM_PulseFinishedCallback)
    i.HAL_TIM_PeriodElapsedCallback          0x080025a0   Section        0  main.o(i.HAL_TIM_PeriodElapsedCallback)
    i.HAL_TIM_TriggerCallback                0x080025b0   Section        0  stm32f4xx_hal_tim.o(i.HAL_TIM_TriggerCallback)
    i.HAL_UART_Init                          0x080025b2   Section        0  stm32f4xx_hal_uart.o(i.HAL_UART_Init)
    i.HAL_UART_MspInit                       0x08002614   Section        0  usart.o(i.HAL_UART_MspInit)
    i.HardFault_Handler                      0x08002660   Section        0  stm32f4xx_it.o(i.HardFault_Handler)
    i.MX_DMA_Init                            0x08002664   Section        0  dma.o(i.MX_DMA_Init)
    i.MX_FATFS_Init                          0x080026a0   Section        0  fatfs.o(i.MX_FATFS_Init)
    i.MX_GPIO_Init                           0x080026bc   Section        0  gpio.o(i.MX_GPIO_Init)
    i.MX_SDIO_SD_Init                        0x08002744   Section        0  sdio.o(i.MX_SDIO_SD_Init)
    i.MX_TIM2_Init                           0x08002764   Section        0  tim.o(i.MX_TIM2_Init)
    i.MX_USART1_UART_Init                    0x080027b8   Section        0  usart.o(i.MX_USART1_UART_Init)
    i.MemManage_Handler                      0x080027f0   Section        0  stm32f4xx_it.o(i.MemManage_Handler)
    i.NMI_Handler                            0x080027f2   Section        0  stm32f4xx_it.o(i.NMI_Handler)
    i.NVIC_SetPriority                       0x080027f4   Section        0  stm32f4xx_hal_cortex.o(i.NVIC_SetPriority)
    NVIC_SetPriority                         0x080027f5   Thumb Code    32  stm32f4xx_hal_cortex.o(i.NVIC_SetPriority)
    i.PendSV_Handler                         0x08002814   Section        0  stm32f4xx_it.o(i.PendSV_Handler)
    i.SDIO_DataConfig                        0x08002816   Section        0  stm32f4xx_ll_sdmmc.o(i.SDIO_DataConfig)
    i.SDIO_GetCommandResponse                0x0800283a   Section        0  stm32f4xx_ll_sdmmc.o(i.SDIO_GetCommandResponse)
    i.SDIO_GetPowerState                     0x08002840   Section        0  stm32f4xx_ll_sdmmc.o(i.SDIO_GetPowerState)
    i.SDIO_GetResponse                       0x08002848   Section        0  stm32f4xx_ll_sdmmc.o(i.SDIO_GetResponse)
    i.SDIO_IRQHandler                        0x08002858   Section        0  stm32f4xx_it.o(i.SDIO_IRQHandler)
    i.SDIO_Init                              0x08002864   Section        0  stm32f4xx_ll_sdmmc.o(i.SDIO_Init)
    i.SDIO_PowerState_ON                     0x08002888   Section        0  stm32f4xx_ll_sdmmc.o(i.SDIO_PowerState_ON)
    i.SDIO_ReadFIFO                          0x08002890   Section        0  stm32f4xx_ll_sdmmc.o(i.SDIO_ReadFIFO)
    i.SDIO_SendCommand                       0x08002896   Section        0  stm32f4xx_ll_sdmmc.o(i.SDIO_SendCommand)
    i.SD_CmdResp1Error                       0x080028b8   Section        0  stm32f4xx_hal_sd.o(i.SD_CmdResp1Error)
    SD_CmdResp1Error                         0x080028b9   Thumb Code   230  stm32f4xx_hal_sd.o(i.SD_CmdResp1Error)
    i.SD_CmdResp2Error                       0x080029a4   Section        0  stm32f4xx_hal_sd.o(i.SD_CmdResp2Error)
    SD_CmdResp2Error                         0x080029a5   Thumb Code    46  stm32f4xx_hal_sd.o(i.SD_CmdResp2Error)
    i.SD_CmdResp6Error                       0x080029d2   Section        0  stm32f4xx_hal_sd.o(i.SD_CmdResp6Error)
    SD_CmdResp6Error                         0x080029d3   Thumb Code   114  stm32f4xx_hal_sd.o(i.SD_CmdResp6Error)
    i.SD_CmdResp7Error                       0x08002a44   Section        0  stm32f4xx_hal_sd.o(i.SD_CmdResp7Error)
    SD_CmdResp7Error                         0x08002a45   Thumb Code    64  stm32f4xx_hal_sd.o(i.SD_CmdResp7Error)
    i.SD_DMA_RxCplt                          0x08002a84   Section        0  stm32f4xx_hal_sd.o(i.SD_DMA_RxCplt)
    SD_DMA_RxCplt                            0x08002a85   Thumb Code    20  stm32f4xx_hal_sd.o(i.SD_DMA_RxCplt)
    i.SD_DMA_RxError                         0x08002a98   Section        0  stm32f4xx_hal_sd.o(i.SD_DMA_RxError)
    SD_DMA_RxError                           0x08002a99   Thumb Code    12  stm32f4xx_hal_sd.o(i.SD_DMA_RxError)
    i.SD_DMA_TxCplt                          0x08002aa4   Section        0  stm32f4xx_hal_sd.o(i.SD_DMA_TxCplt)
    SD_DMA_TxCplt                            0x08002aa5   Thumb Code    20  stm32f4xx_hal_sd.o(i.SD_DMA_TxCplt)
    i.SD_DMA_TxError                         0x08002ab8   Section        0  stm32f4xx_hal_sd.o(i.SD_DMA_TxError)
    SD_DMA_TxError                           0x08002ab9   Thumb Code    12  stm32f4xx_hal_sd.o(i.SD_DMA_TxError)
    i.SD_FindSCR                             0x08002ac4   Section        0  stm32f4xx_hal_sd.o(i.SD_FindSCR)
    SD_FindSCR                               0x08002ac5   Thumb Code   266  stm32f4xx_hal_sd.o(i.SD_FindSCR)
    i.SD_Initialize_Cards                    0x08002bce   Section        0  stm32f4xx_hal_sd.o(i.SD_Initialize_Cards)
    SD_Initialize_Cards                      0x08002bcf   Thumb Code   220  stm32f4xx_hal_sd.o(i.SD_Initialize_Cards)
    i.SD_PowerON                             0x08002cac   Section        0  stm32f4xx_hal_sd.o(i.SD_PowerON)
    SD_PowerON                               0x08002cad   Thumb Code   364  stm32f4xx_hal_sd.o(i.SD_PowerON)
    i.SD_WideBus_Disable                     0x08002e20   Section        0  stm32f4xx_hal_sd.o(i.SD_WideBus_Disable)
    SD_WideBus_Disable                       0x08002e21   Thumb Code   114  stm32f4xx_hal_sd.o(i.SD_WideBus_Disable)
    i.SD_WideBus_Enable                      0x08002e92   Section        0  stm32f4xx_hal_sd.o(i.SD_WideBus_Enable)
    SD_WideBus_Enable                        0x08002e93   Thumb Code   116  stm32f4xx_hal_sd.o(i.SD_WideBus_Enable)
    i.SD_initialize                          0x08002f08   Section        0  sd_diskio.o(i.SD_initialize)
    i.SD_ioctl                               0x08002f28   Section        0  sd_diskio.o(i.SD_ioctl)
    i.SD_read                                0x08002f78   Section        0  sd_diskio.o(i.SD_read)
    i.SD_status                              0x08002f98   Section        0  sd_diskio.o(i.SD_status)
    i.SD_write                               0x08002fb8   Section        0  sd_diskio.o(i.SD_write)
    i.SVC_Handler                            0x08002fd6   Section        0  stm32f4xx_it.o(i.SVC_Handler)
    i.SysTick_Handler                        0x08002fd8   Section        0  stm32f4xx_it.o(i.SysTick_Handler)
    i.SystemClock_Config                     0x08002fe8   Section        0  main.o(i.SystemClock_Config)
    i.SystemInit                             0x08003084   Section        0  system_stm32f4xx.o(i.SystemInit)
    i.TIM2_IRQHandler                        0x080030d8   Section        0  stm32f4xx_it.o(i.TIM2_IRQHandler)
    i.TIM_Base_SetConfig                     0x080030e4   Section        0  stm32f4xx_hal_tim.o(i.TIM_Base_SetConfig)
    i.TIM_ETR_SetConfig                      0x080031a4   Section        0  stm32f4xx_hal_tim.o(i.TIM_ETR_SetConfig)
    TIM_ETR_SetConfig                        0x080031a5   Thumb Code    20  stm32f4xx_hal_tim.o(i.TIM_ETR_SetConfig)
    i.TIM_ITRx_SetConfig                     0x080031b8   Section        0  stm32f4xx_hal_tim.o(i.TIM_ITRx_SetConfig)
    TIM_ITRx_SetConfig                       0x080031b9   Thumb Code    16  stm32f4xx_hal_tim.o(i.TIM_ITRx_SetConfig)
    i.TIM_TI1_ConfigInputStage               0x080031c8   Section        0  stm32f4xx_hal_tim.o(i.TIM_TI1_ConfigInputStage)
    TIM_TI1_ConfigInputStage                 0x080031c9   Thumb Code    34  stm32f4xx_hal_tim.o(i.TIM_TI1_ConfigInputStage)
    i.TIM_TI2_ConfigInputStage               0x080031ea   Section        0  stm32f4xx_hal_tim.o(i.TIM_TI2_ConfigInputStage)
    TIM_TI2_ConfigInputStage                 0x080031eb   Thumb Code    36  stm32f4xx_hal_tim.o(i.TIM_TI2_ConfigInputStage)
    i.UART_SetConfig                         0x08003210   Section        0  stm32f4xx_hal_uart.o(i.UART_SetConfig)
    UART_SetConfig                           0x08003211   Thumb Code   676  stm32f4xx_hal_uart.o(i.UART_SetConfig)
    i.UsageFault_Handler                     0x080034bc   Section        0  stm32f4xx_it.o(i.UsageFault_Handler)
    i.__0printf                              0x080034c0   Section        0  printfa.o(i.__0printf)
    i.__scatterload_copy                     0x080034e0   Section       14  handlers.o(i.__scatterload_copy)
    i.__scatterload_null                     0x080034ee   Section        2  handlers.o(i.__scatterload_null)
    i.__scatterload_zeroinit                 0x080034f0   Section       14  handlers.o(i.__scatterload_zeroinit)
    i._fp_digits                             0x08003500   Section        0  printfa.o(i._fp_digits)
    _fp_digits                               0x08003501   Thumb Code   334  printfa.o(i._fp_digits)
    i._printf_core                           0x08003664   Section        0  printfa.o(i._printf_core)
    _printf_core                             0x08003665   Thumb Code  1744  printfa.o(i._printf_core)
    i._printf_post_padding                   0x08003d40   Section        0  printfa.o(i._printf_post_padding)
    _printf_post_padding                     0x08003d41   Thumb Code    36  printfa.o(i._printf_post_padding)
    i._printf_pre_padding                    0x08003d64   Section        0  printfa.o(i._printf_pre_padding)
    _printf_pre_padding                      0x08003d65   Thumb Code    46  printfa.o(i._printf_pre_padding)
    i.check_fs                               0x08003d94   Section        0  ff.o(i.check_fs)
    check_fs                                 0x08003d95   Thumb Code    90  ff.o(i.check_fs)
    i.chk_chr                                0x08003df4   Section        0  ff.o(i.chk_chr)
    chk_chr                                  0x08003df5   Thumb Code    16  ff.o(i.chk_chr)
    i.chk_lock                               0x08003e04   Section        0  ff.o(i.chk_lock)
    chk_lock                                 0x08003e05   Thumb Code   102  ff.o(i.chk_lock)
    i.clear_lock                             0x08003e70   Section        0  ff.o(i.clear_lock)
    clear_lock                               0x08003e71   Thumb Code    32  ff.o(i.clear_lock)
    i.clmt_clust                             0x08003e94   Section        0  ff.o(i.clmt_clust)
    clmt_clust                               0x08003e95   Thumb Code    42  ff.o(i.clmt_clust)
    i.clust2sect                             0x08003ebe   Section        0  ff.o(i.clust2sect)
    i.create_chain                           0x08003edc   Section        0  ff.o(i.create_chain)
    create_chain                             0x08003edd   Thumb Code   176  ff.o(i.create_chain)
    i.create_name                            0x08003f8c   Section        0  ff.o(i.create_name)
    create_name                              0x08003f8d   Thumb Code   618  ff.o(i.create_name)
    i.dec_lock                               0x0800420c   Section        0  ff.o(i.dec_lock)
    dec_lock                                 0x0800420d   Thumb Code    54  ff.o(i.dec_lock)
    i.dir_find                               0x08004248   Section        0  ff.o(i.dir_find)
    dir_find                                 0x08004249   Thumb Code   320  ff.o(i.dir_find)
    i.dir_next                               0x0800438c   Section        0  ff.o(i.dir_next)
    dir_next                                 0x0800438d   Thumb Code   286  ff.o(i.dir_next)
    i.dir_register                           0x080044ac   Section        0  ff.o(i.dir_register)
    dir_register                             0x080044ad   Thumb Code   468  ff.o(i.dir_register)
    i.dir_sdi                                0x08004684   Section        0  ff.o(i.dir_sdi)
    dir_sdi                                  0x08004685   Thumb Code   152  ff.o(i.dir_sdi)
    i.disk_initialize                        0x0800471c   Section        0  diskio.o(i.disk_initialize)
    i.disk_ioctl                             0x08004744   Section        0  diskio.o(i.disk_ioctl)
    i.disk_read                              0x08004760   Section        0  diskio.o(i.disk_read)
    i.disk_status                            0x0800477c   Section        0  diskio.o(i.disk_status)
    i.disk_write                             0x08004794   Section        0  diskio.o(i.disk_write)
    i.f_close                                0x080047b0   Section        0  ff.o(i.f_close)
    i.f_mount                                0x080047dc   Section        0  ff.o(i.f_mount)
    i.f_open                                 0x08004838   Section        0  ff.o(i.f_open)
    i.f_read                                 0x080049e0   Section        0  ff.o(i.f_read)
    i.f_sync                                 0x08004b6c   Section        0  ff.o(i.f_sync)
    i.ff_convert                             0x08004c20   Section        0  cc936.o(i.ff_convert)
    i.ff_wtoupper                            0x08004c6c   Section        0  cc936.o(i.ff_wtoupper)
    i.find_volume                            0x08004c90   Section        0  ff.o(i.find_volume)
    find_volume                              0x08004c91   Thumb Code   596  ff.o(i.find_volume)
    i.follow_path                            0x08004ef0   Section        0  ff.o(i.follow_path)
    follow_path                              0x08004ef1   Thumb Code   148  ff.o(i.follow_path)
    i.fputc                                  0x08004f84   Section        0  usart.o(i.fputc)
    i.gen_numname                            0x08004f98   Section        0  ff.o(i.gen_numname)
    gen_numname                              0x08004f99   Thumb Code   136  ff.o(i.gen_numname)
    i.get_fat                                0x08005024   Section        0  ff.o(i.get_fat)
    i.get_ldnumber                           0x080050e6   Section        0  ff.o(i.get_ldnumber)
    get_ldnumber                             0x080050e7   Thumb Code    60  ff.o(i.get_ldnumber)
    i.inc_lock                               0x08005124   Section        0  ff.o(i.inc_lock)
    inc_lock                                 0x08005125   Thumb Code   154  ff.o(i.inc_lock)
    i.ld_clust                               0x080051c4   Section        0  ff.o(i.ld_clust)
    ld_clust                                 0x080051c5   Thumb Code    20  ff.o(i.ld_clust)
    i.main                                   0x080051d8   Section        0  main.o(i.main)
    i.mem_cpy                                0x080054ec   Section        0  ff.o(i.mem_cpy)
    mem_cpy                                  0x080054ed   Thumb Code    18  ff.o(i.mem_cpy)
    i.mem_set                                0x080054fe   Section        0  ff.o(i.mem_set)
    mem_set                                  0x080054ff   Thumb Code    14  ff.o(i.mem_set)
    i.move_window                            0x0800550c   Section        0  ff.o(i.move_window)
    move_window                              0x0800550d   Thumb Code    54  ff.o(i.move_window)
    i.put_fat                                0x08005542   Section        0  ff.o(i.put_fat)
    i.remove_chain                           0x0800563a   Section        0  ff.o(i.remove_chain)
    remove_chain                             0x0800563b   Thumb Code   110  ff.o(i.remove_chain)
    i.st_clust                               0x080056a8   Section        0  ff.o(i.st_clust)
    st_clust                                 0x080056a9   Thumb Code    16  ff.o(i.st_clust)
    i.sum_sfn                                0x080056b8   Section        0  ff.o(i.sum_sfn)
    sum_sfn                                  0x080056b9   Thumb Code    26  ff.o(i.sum_sfn)
    i.sync_fs                                0x080056d2   Section        0  ff.o(i.sync_fs)
    sync_fs                                  0x080056d3   Thumb Code   182  ff.o(i.sync_fs)
    i.sync_window                            0x08005788   Section        0  ff.o(i.sync_window)
    sync_window                              0x08005789   Thumb Code    96  ff.o(i.sync_window)
    i.validate                               0x080057e8   Section        0  ff.o(i.validate)
    validate                                 0x080057e9   Thumb Code    44  ff.o(i.validate)
    .constdata                               0x08005814   Section        8  stm32f4xx_hal_dma.o(.constdata)
    flagBitshiftOffset                       0x08005814   Data           8  stm32f4xx_hal_dma.o(.constdata)
    .constdata                               0x0800581c   Section       16  stm32f4xx_hal_rcc.o(.constdata)
    .constdata                               0x0800582c   Section       20  sd_diskio.o(.constdata)
    .constdata                               0x08005840   Section       58  ff.o(.constdata)
    LfnOfs                                   0x08005840   Data          13  ff.o(.constdata)
    vst                                      0x0800584e   Data          22  ff.o(.constdata)
    cst                                      0x08005864   Data          22  ff.o(.constdata)
    .constdata                               0x0800587a   Section    175304  cc936.o(.constdata)
    uni2oem                                  0x0800587a   Data       87172  cc936.o(.constdata)
    oem2uni                                  0x0801acfe   Data       87172  cc936.o(.constdata)
    tbl_lower                                0x08030182   Data         480  cc936.o(.constdata)
    tbl_upper                                0x08030362   Data         480  cc936.o(.constdata)
    .data                                    0x20000000   Section       28  main.o(.data)
    .data                                    0x2000001c   Section        5  fatfs.o(.data)
    .data                                    0x20000024   Section        4  stm32f4xx_hal.o(.data)
    .data                                    0x20000028   Section        4  system_stm32f4xx.o(.data)
    .data                                    0x2000002c   Section        1  sd_diskio.o(.data)
    Stat                                     0x2000002c   Data           1  sd_diskio.o(.data)
    .data                                    0x20000030   Section        8  ff.o(.data)
    Fsid                                     0x20000030   Data           2  ff.o(.data)
    FatFs                                    0x20000034   Data           4  ff.o(.data)
    .data                                    0x20000038   Section        4  stdout.o(.data)
    .bss                                     0x2000003c   Section       64  usart.o(.bss)
    .bss                                     0x2000007c   Section     1632  main.o(.bss)
    .bss                                     0x200006dc   Section      288  sdio.o(.bss)
    .bss                                     0x20000800   Section       88  sdio.o(.bss)
    .bss                                     0x20000858   Section       60  tim.o(.bss)
    .bss                                     0x20000894   Section       32  stm32f4xx_hal_flash.o(.bss)
    .bss                                     0x200008b4   Section       24  ff.o(.bss)
    Files                                    0x200008b4   Data          24  ff.o(.bss)
    .bss                                     0x200008cc   Section       12  ff_gen_drv.o(.bss)
    STACK                                    0x200008d8   Section     8192  startup_stm32f407xx.o(STACK)

    Global Symbols

    Symbol Name                              Value     Ov Type        Size  Object(Section)

    BuildAttributes$$THM_ISAv4$E$P$D$K$B$S$7EM$VFPi3$EXTD16$VFPS$VFMA$PE$A:L22UL41UL21$X:L11$S22US41US21$IEEE1$IW$USESV6$~STKCKD$USESV7$~SHL$OSPACE$ROPI$EBA8$MICROLIB$REQ8$PRES8$EABIv2 0x00000000   Number         0  anon$$obj.o ABSOLUTE
    __ARM_use_no_argv                        0x00000000   Number         0  main.o ABSOLUTE
    _printf_a                                0x00000000   Number         0  stubs.o ABSOLUTE
    _printf_c                                0x00000000   Number         0  stubs.o ABSOLUTE
    _printf_charcount                        0x00000000   Number         0  stubs.o ABSOLUTE
    _printf_d                                0x00000000   Number         0  stubs.o ABSOLUTE
    _printf_e                                0x00000000   Number         0  stubs.o ABSOLUTE
    _printf_f                                0x00000000   Number         0  stubs.o ABSOLUTE
    _printf_flags                            0x00000000   Number         0  stubs.o ABSOLUTE
    _printf_fp_dec                           0x00000000   Number         0  stubs.o ABSOLUTE
    _printf_fp_hex                           0x00000000   Number         0  stubs.o ABSOLUTE
    _printf_g                                0x00000000   Number         0  stubs.o ABSOLUTE
    _printf_i                                0x00000000   Number         0  stubs.o ABSOLUTE
    _printf_int_dec                          0x00000000   Number         0  stubs.o ABSOLUTE
    _printf_l                                0x00000000   Number         0  stubs.o ABSOLUTE
    _printf_lc                               0x00000000   Number         0  stubs.o ABSOLUTE
    _printf_ll                               0x00000000   Number         0  stubs.o ABSOLUTE
    _printf_lld                              0x00000000   Number         0  stubs.o ABSOLUTE
    _printf_lli                              0x00000000   Number         0  stubs.o ABSOLUTE
    _printf_llo                              0x00000000   Number         0  stubs.o ABSOLUTE
    _printf_llu                              0x00000000   Number         0  stubs.o ABSOLUTE
    _printf_llx                              0x00000000   Number         0  stubs.o ABSOLUTE
    _printf_longlong_dec                     0x00000000   Number         0  stubs.o ABSOLUTE
    _printf_longlong_hex                     0x00000000   Number         0  stubs.o ABSOLUTE
    _printf_longlong_oct                     0x00000000   Number         0  stubs.o ABSOLUTE
    _printf_ls                               0x00000000   Number         0  stubs.o ABSOLUTE
    _printf_mbtowc                           0x00000000   Number         0  stubs.o ABSOLUTE
    _printf_n                                0x00000000   Number         0  stubs.o ABSOLUTE
    _printf_o                                0x00000000   Number         0  stubs.o ABSOLUTE
    _printf_p                                0x00000000   Number         0  stubs.o ABSOLUTE
    _printf_percent                          0x00000000   Number         0  stubs.o ABSOLUTE
    _printf_pre_padding                      0x00000000   Number         0  stubs.o ABSOLUTE
    _printf_return_value                     0x00000000   Number         0  stubs.o ABSOLUTE
    _printf_s                                0x00000000   Number         0  stubs.o ABSOLUTE
    _printf_sizespec                         0x00000000   Number         0  stubs.o ABSOLUTE
    _printf_str                              0x00000000   Number         0  stubs.o ABSOLUTE
    _printf_truncate_signed                  0x00000000   Number         0  stubs.o ABSOLUTE
    _printf_truncate_unsigned                0x00000000   Number         0  stubs.o ABSOLUTE
    _printf_u                                0x00000000   Number         0  stubs.o ABSOLUTE
    _printf_wc                               0x00000000   Number         0  stubs.o ABSOLUTE
    _printf_wctomb                           0x00000000   Number         0  stubs.o ABSOLUTE
    _printf_widthprec                        0x00000000   Number         0  stubs.o ABSOLUTE
    _printf_x                                0x00000000   Number         0  stubs.o ABSOLUTE
    __cpp_initialize__aeabi_                  - Undefined Weak Reference
    __cxa_finalize                            - Undefined Weak Reference
    __decompress                              - Undefined Weak Reference
    _clock_init                               - Undefined Weak Reference
    _microlib_exit                            - Undefined Weak Reference
    __Vectors_Size                           0x00000188   Number         0  startup_stm32f407xx.o ABSOLUTE
    __Vectors                                0x08000000   Data           4  startup_stm32f407xx.o(RESET)
    __Vectors_End                            0x08000188   Data           0  startup_stm32f407xx.o(RESET)
    __main                                   0x08000189   Thumb Code     0  entry.o(.ARM.Collect$$$$00000000)
    _main_stk                                0x08000189   Thumb Code     0  entry2.o(.ARM.Collect$$$$00000001)
    _main_scatterload                        0x0800018d   Thumb Code     0  entry5.o(.ARM.Collect$$$$00000004)
    __main_after_scatterload                 0x08000191   Thumb Code     0  entry5.o(.ARM.Collect$$$$00000004)
    _main_clock                              0x08000191   Thumb Code     0  entry7b.o(.ARM.Collect$$$$00000008)
    _main_cpp_init                           0x08000191   Thumb Code     0  entry8b.o(.ARM.Collect$$$$0000000A)
    _main_init                               0x08000191   Thumb Code     0  entry9a.o(.ARM.Collect$$$$0000000B)
    __rt_final_cpp                           0x08000199   Thumb Code     0  entry10a.o(.ARM.Collect$$$$0000000D)
    __rt_final_exit                          0x08000199   Thumb Code     0  entry11a.o(.ARM.Collect$$$$0000000F)
    MSR_MSP                                  0x0800019d   Thumb Code     6  main.o(.emb_text)
    Reset_Handler                            0x080001a5   Thumb Code     8  startup_stm32f407xx.o(.text)
    ADC_IRQHandler                           0x080001bf   Thumb Code     0  startup_stm32f407xx.o(.text)
    CAN1_RX0_IRQHandler                      0x080001bf   Thumb Code     0  startup_stm32f407xx.o(.text)
    CAN1_RX1_IRQHandler                      0x080001bf   Thumb Code     0  startup_stm32f407xx.o(.text)
    CAN1_SCE_IRQHandler                      0x080001bf   Thumb Code     0  startup_stm32f407xx.o(.text)
    CAN1_TX_IRQHandler                       0x080001bf   Thumb Code     0  startup_stm32f407xx.o(.text)
    CAN2_RX0_IRQHandler                      0x080001bf   Thumb Code     0  startup_stm32f407xx.o(.text)
    CAN2_RX1_IRQHandler                      0x080001bf   Thumb Code     0  startup_stm32f407xx.o(.text)
    CAN2_SCE_IRQHandler                      0x080001bf   Thumb Code     0  startup_stm32f407xx.o(.text)
    CAN2_TX_IRQHandler                       0x080001bf   Thumb Code     0  startup_stm32f407xx.o(.text)
    DCMI_IRQHandler                          0x080001bf   Thumb Code     0  startup_stm32f407xx.o(.text)
    DMA1_Stream0_IRQHandler                  0x080001bf   Thumb Code     0  startup_stm32f407xx.o(.text)
    DMA1_Stream1_IRQHandler                  0x080001bf   Thumb Code     0  startup_stm32f407xx.o(.text)
    DMA1_Stream2_IRQHandler                  0x080001bf   Thumb Code     0  startup_stm32f407xx.o(.text)
    DMA1_Stream3_IRQHandler                  0x080001bf   Thumb Code     0  startup_stm32f407xx.o(.text)
    DMA1_Stream4_IRQHandler                  0x080001bf   Thumb Code     0  startup_stm32f407xx.o(.text)
    DMA1_Stream5_IRQHandler                  0x080001bf   Thumb Code     0  startup_stm32f407xx.o(.text)
    DMA1_Stream6_IRQHandler                  0x080001bf   Thumb Code     0  startup_stm32f407xx.o(.text)
    DMA1_Stream7_IRQHandler                  0x080001bf   Thumb Code     0  startup_stm32f407xx.o(.text)
    DMA2_Stream0_IRQHandler                  0x080001bf   Thumb Code     0  startup_stm32f407xx.o(.text)
    DMA2_Stream1_IRQHandler                  0x080001bf   Thumb Code     0  startup_stm32f407xx.o(.text)
    DMA2_Stream2_IRQHandler                  0x080001bf   Thumb Code     0  startup_stm32f407xx.o(.text)
    DMA2_Stream4_IRQHandler                  0x080001bf   Thumb Code     0  startup_stm32f407xx.o(.text)
    DMA2_Stream5_IRQHandler                  0x080001bf   Thumb Code     0  startup_stm32f407xx.o(.text)
    DMA2_Stream7_IRQHandler                  0x080001bf   Thumb Code     0  startup_stm32f407xx.o(.text)
    ETH_IRQHandler                           0x080001bf   Thumb Code     0  startup_stm32f407xx.o(.text)
    ETH_WKUP_IRQHandler                      0x080001bf   Thumb Code     0  startup_stm32f407xx.o(.text)
    EXTI0_IRQHandler                         0x080001bf   Thumb Code     0  startup_stm32f407xx.o(.text)
    EXTI15_10_IRQHandler                     0x080001bf   Thumb Code     0  startup_stm32f407xx.o(.text)
    EXTI1_IRQHandler                         0x080001bf   Thumb Code     0  startup_stm32f407xx.o(.text)
    EXTI2_IRQHandler                         0x080001bf   Thumb Code     0  startup_stm32f407xx.o(.text)
    EXTI3_IRQHandler                         0x080001bf   Thumb Code     0  startup_stm32f407xx.o(.text)
    EXTI4_IRQHandler                         0x080001bf   Thumb Code     0  startup_stm32f407xx.o(.text)
    EXTI9_5_IRQHandler                       0x080001bf   Thumb Code     0  startup_stm32f407xx.o(.text)
    FLASH_IRQHandler                         0x080001bf   Thumb Code     0  startup_stm32f407xx.o(.text)
    FMC_IRQHandler                           0x080001bf   Thumb Code     0  startup_stm32f407xx.o(.text)
    FPU_IRQHandler                           0x080001bf   Thumb Code     0  startup_stm32f407xx.o(.text)
    HASH_RNG_IRQHandler                      0x080001bf   Thumb Code     0  startup_stm32f407xx.o(.text)
    I2C1_ER_IRQHandler                       0x080001bf   Thumb Code     0  startup_stm32f407xx.o(.text)
    I2C1_EV_IRQHandler                       0x080001bf   Thumb Code     0  startup_stm32f407xx.o(.text)
    I2C2_ER_IRQHandler                       0x080001bf   Thumb Code     0  startup_stm32f407xx.o(.text)
    I2C2_EV_IRQHandler                       0x080001bf   Thumb Code     0  startup_stm32f407xx.o(.text)
    I2C3_ER_IRQHandler                       0x080001bf   Thumb Code     0  startup_stm32f407xx.o(.text)
    I2C3_EV_IRQHandler                       0x080001bf   Thumb Code     0  startup_stm32f407xx.o(.text)
    OTG_FS_IRQHandler                        0x080001bf   Thumb Code     0  startup_stm32f407xx.o(.text)
    OTG_FS_WKUP_IRQHandler                   0x080001bf   Thumb Code     0  startup_stm32f407xx.o(.text)
    OTG_HS_EP1_IN_IRQHandler                 0x080001bf   Thumb Code     0  startup_stm32f407xx.o(.text)
    OTG_HS_EP1_OUT_IRQHandler                0x080001bf   Thumb Code     0  startup_stm32f407xx.o(.text)
    OTG_HS_IRQHandler                        0x080001bf   Thumb Code     0  startup_stm32f407xx.o(.text)
    OTG_HS_WKUP_IRQHandler                   0x080001bf   Thumb Code     0  startup_stm32f407xx.o(.text)
    PVD_IRQHandler                           0x080001bf   Thumb Code     0  startup_stm32f407xx.o(.text)
    RCC_IRQHandler                           0x080001bf   Thumb Code     0  startup_stm32f407xx.o(.text)
    RTC_Alarm_IRQHandler                     0x080001bf   Thumb Code     0  startup_stm32f407xx.o(.text)
    RTC_WKUP_IRQHandler                      0x080001bf   Thumb Code     0  startup_stm32f407xx.o(.text)
    SPI1_IRQHandler                          0x080001bf   Thumb Code     0  startup_stm32f407xx.o(.text)
    SPI2_IRQHandler                          0x080001bf   Thumb Code     0  startup_stm32f407xx.o(.text)
    SPI3_IRQHandler                          0x080001bf   Thumb Code     0  startup_stm32f407xx.o(.text)
    TAMP_STAMP_IRQHandler                    0x080001bf   Thumb Code     0  startup_stm32f407xx.o(.text)
    TIM1_BRK_TIM9_IRQHandler                 0x080001bf   Thumb Code     0  startup_stm32f407xx.o(.text)
    TIM1_CC_IRQHandler                       0x080001bf   Thumb Code     0  startup_stm32f407xx.o(.text)
    TIM1_TRG_COM_TIM11_IRQHandler            0x080001bf   Thumb Code     0  startup_stm32f407xx.o(.text)
    TIM1_UP_TIM10_IRQHandler                 0x080001bf   Thumb Code     0  startup_stm32f407xx.o(.text)
    TIM3_IRQHandler                          0x080001bf   Thumb Code     0  startup_stm32f407xx.o(.text)
    TIM4_IRQHandler                          0x080001bf   Thumb Code     0  startup_stm32f407xx.o(.text)
    TIM5_IRQHandler                          0x080001bf   Thumb Code     0  startup_stm32f407xx.o(.text)
    TIM6_DAC_IRQHandler                      0x080001bf   Thumb Code     0  startup_stm32f407xx.o(.text)
    TIM7_IRQHandler                          0x080001bf   Thumb Code     0  startup_stm32f407xx.o(.text)
    TIM8_BRK_TIM12_IRQHandler                0x080001bf   Thumb Code     0  startup_stm32f407xx.o(.text)
    TIM8_CC_IRQHandler                       0x080001bf   Thumb Code     0  startup_stm32f407xx.o(.text)
    TIM8_TRG_COM_TIM14_IRQHandler            0x080001bf   Thumb Code     0  startup_stm32f407xx.o(.text)
    TIM8_UP_TIM13_IRQHandler                 0x080001bf   Thumb Code     0  startup_stm32f407xx.o(.text)
    UART4_IRQHandler                         0x080001bf   Thumb Code     0  startup_stm32f407xx.o(.text)
    UART5_IRQHandler                         0x080001bf   Thumb Code     0  startup_stm32f407xx.o(.text)
    USART1_IRQHandler                        0x080001bf   Thumb Code     0  startup_stm32f407xx.o(.text)
    USART2_IRQHandler                        0x080001bf   Thumb Code     0  startup_stm32f407xx.o(.text)
    USART3_IRQHandler                        0x080001bf   Thumb Code     0  startup_stm32f407xx.o(.text)
    USART6_IRQHandler                        0x080001bf   Thumb Code     0  startup_stm32f407xx.o(.text)
    WWDG_IRQHandler                          0x080001bf   Thumb Code     0  startup_stm32f407xx.o(.text)
    __aeabi_ddiv                             0x080001c9   Thumb Code   222  ddiv.o(.text)
    __aeabi_f2d                              0x080002a7   Thumb Code    38  f2d.o(.text)
    __aeabi_uidiv                            0x080002cd   Thumb Code     0  uidiv.o(.text)
    __aeabi_uidivmod                         0x080002cd   Thumb Code    44  uidiv.o(.text)
    __aeabi_uldivmod                         0x080002f9   Thumb Code    98  uldiv.o(.text)
    __I$use$fp                               0x0800035b   Thumb Code     0  iusefp.o(.text)
    _double_round                            0x0800035b   Thumb Code    30  depilogue.o(.text)
    _double_epilogue                         0x08000379   Thumb Code   156  depilogue.o(.text)
    __aeabi_dadd                             0x08000415   Thumb Code   322  dadd.o(.text)
    __aeabi_dsub                             0x08000557   Thumb Code     6  dadd.o(.text)
    __aeabi_drsub                            0x0800055d   Thumb Code     6  dadd.o(.text)
    __aeabi_dmul                             0x08000563   Thumb Code   228  dmul.o(.text)
    __aeabi_d2ulz                            0x08000647   Thumb Code    48  dfixul.o(.text)
    __aeabi_cdrcmple                         0x08000679   Thumb Code    48  cdrcmple.o(.text)
    __scatterload                            0x080006a9   Thumb Code    28  init.o(.text)
    __scatterload_rt2                        0x080006a9   Thumb Code     0  init.o(.text)
    __aeabi_llsl                             0x080006cd   Thumb Code    30  llshl.o(.text)
    _ll_shift_l                              0x080006cd   Thumb Code     0  llshl.o(.text)
    __aeabi_llsr                             0x080006eb   Thumb Code    32  llushr.o(.text)
    _ll_ushift_r                             0x080006eb   Thumb Code     0  llushr.o(.text)
    __aeabi_lasr                             0x0800070b   Thumb Code    36  llsshr.o(.text)
    _ll_sshift_r                             0x0800070b   Thumb Code     0  llsshr.o(.text)
    BSP_SD_GetCardInfo                       0x08000731   Thumb Code     8  bsp_driver_sd.o(i.BSP_SD_GetCardInfo)
    BSP_SD_GetStatus                         0x0800073d   Thumb Code     6  bsp_driver_sd.o(i.BSP_SD_GetStatus)
    BSP_SD_Init                              0x08000749   Thumb Code    50  bsp_driver_sd.o(i.BSP_SD_Init)
    BSP_SD_ReadBlocks_DMA                    0x08000785   Thumb Code    42  bsp_driver_sd.o(i.BSP_SD_ReadBlocks_DMA)
    BSP_SD_WriteBlocks_DMA                   0x080007b9   Thumb Code    42  bsp_driver_sd.o(i.BSP_SD_WriteBlocks_DMA)
    BusFault_Handler                         0x080007ed   Thumb Code     2  stm32f4xx_it.o(i.BusFault_Handler)
    DMA2_Stream3_IRQHandler                  0x080007f1   Thumb Code     6  stm32f4xx_it.o(i.DMA2_Stream3_IRQHandler)
    DMA2_Stream6_IRQHandler                  0x080007fd   Thumb Code     6  stm32f4xx_it.o(i.DMA2_Stream6_IRQHandler)
    DebugMon_Handler                         0x080008ad   Thumb Code     2  stm32f4xx_it.o(i.DebugMon_Handler)
    Error_Handler                            0x080008b1   Thumb Code    90  main.o(i.Error_Handler)
    FATFS_LinkDriver                         0x080009d9   Thumb Code     6  ff_gen_drv.o(i.FATFS_LinkDriver)
    FATFS_LinkDriverEx                       0x080009e1   Thumb Code    60  ff_gen_drv.o(i.FATFS_LinkDriverEx)
    FLASH_Erase_Sector                       0x08000a21   Thumb Code    84  stm32f4xx_hal_flash_ex.o(i.FLASH_Erase_Sector)
    FLASH_FlushCaches                        0x08000a79   Thumb Code    80  stm32f4xx_hal_flash_ex.o(i.FLASH_FlushCaches)
    FLASH_WaitForLastOperation               0x08000c0d   Thumb Code    80  stm32f4xx_hal_flash.o(i.FLASH_WaitForLastOperation)
    HAL_DMA_Abort                            0x08000c65   Thumb Code   142  stm32f4xx_hal_dma.o(i.HAL_DMA_Abort)
    HAL_DMA_IRQHandler                       0x08000cf5   Thumb Code   414  stm32f4xx_hal_dma.o(i.HAL_DMA_IRQHandler)
    HAL_DMA_Init                             0x08000e9d   Thumb Code   202  stm32f4xx_hal_dma.o(i.HAL_DMA_Init)
    HAL_DMA_Start_IT                         0x08000f6d   Thumb Code   120  stm32f4xx_hal_dma.o(i.HAL_DMA_Start_IT)
    HAL_Delay                                0x08000fe5   Thumb Code    22  stm32f4xx_hal.o(i.HAL_Delay)
    HAL_FLASHEx_Erase                        0x08000ffd   Thumb Code   144  stm32f4xx_hal_flash_ex.o(i.HAL_FLASHEx_Erase)
    HAL_FLASH_Program                        0x08001095   Thumb Code   116  stm32f4xx_hal_flash.o(i.HAL_FLASH_Program)
    HAL_FLASH_Unlock                         0x08001111   Thumb Code    28  stm32f4xx_hal_flash.o(i.HAL_FLASH_Unlock)
    HAL_GPIO_Init                            0x08001139   Thumb Code   388  stm32f4xx_hal_gpio.o(i.HAL_GPIO_Init)
    HAL_GPIO_WritePin                        0x080012e9   Thumb Code    10  stm32f4xx_hal_gpio.o(i.HAL_GPIO_WritePin)
    HAL_GetTick                              0x080012f5   Thumb Code     6  stm32f4xx_hal.o(i.HAL_GetTick)
    HAL_IncTick                              0x08001301   Thumb Code    10  stm32f4xx_hal.o(i.HAL_IncTick)
    HAL_Init                                 0x08001311   Thumb Code    48  stm32f4xx_hal.o(i.HAL_Init)
    HAL_InitTick                             0x08001345   Thumb Code    34  stm32f4xx_hal.o(i.HAL_InitTick)
    HAL_MspInit                              0x0800136d   Thumb Code    88  stm32f4xx_hal_msp.o(i.HAL_MspInit)
    HAL_NVIC_EnableIRQ                       0x080013c5   Thumb Code    22  stm32f4xx_hal_cortex.o(i.HAL_NVIC_EnableIRQ)
    HAL_NVIC_SetPriority                     0x080013dd   Thumb Code    60  stm32f4xx_hal_cortex.o(i.HAL_NVIC_SetPriority)
    HAL_NVIC_SetPriorityGrouping             0x0800141d   Thumb Code    26  stm32f4xx_hal_cortex.o(i.HAL_NVIC_SetPriorityGrouping)
    HAL_RCC_ClockConfig                      0x08001441   Thumb Code   364  stm32f4xx_hal_rcc.o(i.HAL_RCC_ClockConfig)
    HAL_RCC_GetHCLKFreq                      0x080015bd   Thumb Code     6  stm32f4xx_hal_rcc.o(i.HAL_RCC_GetHCLKFreq)
    HAL_RCC_GetPCLK1Freq                     0x080015c9   Thumb Code    34  stm32f4xx_hal_rcc.o(i.HAL_RCC_GetPCLK1Freq)
    HAL_RCC_GetPCLK2Freq                     0x080015f9   Thumb Code    34  stm32f4xx_hal_rcc.o(i.HAL_RCC_GetPCLK2Freq)
    HAL_RCC_GetSysClockFreq                  0x08001629   Thumb Code   104  stm32f4xx_hal_rcc.o(i.HAL_RCC_GetSysClockFreq)
    HAL_RCC_OscConfig                        0x0800169d   Thumb Code   722  stm32f4xx_hal_rcc.o(i.HAL_RCC_OscConfig)
    HAL_SD_CheckReadOperation                0x08001981   Thumb Code    94  stm32f4xx_hal_sd.o(i.HAL_SD_CheckReadOperation)
    HAL_SD_CheckWriteOperation               0x080019df   Thumb Code   108  stm32f4xx_hal_sd.o(i.HAL_SD_CheckWriteOperation)
    HAL_SD_DMA_RxCpltCallback                0x08001a4b   Thumb Code     2  stm32f4xx_hal_sd.o(i.HAL_SD_DMA_RxCpltCallback)
    HAL_SD_DMA_RxErrorCallback               0x08001a4d   Thumb Code     2  stm32f4xx_hal_sd.o(i.HAL_SD_DMA_RxErrorCallback)
    HAL_SD_DMA_TxCpltCallback                0x08001a4f   Thumb Code     2  stm32f4xx_hal_sd.o(i.HAL_SD_DMA_TxCpltCallback)
    HAL_SD_DMA_TxErrorCallback               0x08001a51   Thumb Code     2  stm32f4xx_hal_sd.o(i.HAL_SD_DMA_TxErrorCallback)
    HAL_SD_GetStatus                         0x08001a53   Thumb Code    78  stm32f4xx_hal_sd.o(i.HAL_SD_GetStatus)
    HAL_SD_Get_CardInfo                      0x08001aa1   Thumb Code   692  stm32f4xx_hal_sd.o(i.HAL_SD_Get_CardInfo)
    HAL_SD_IRQHandler                        0x08001d55   Thumb Code   124  stm32f4xx_hal_sd.o(i.HAL_SD_IRQHandler)
    HAL_SD_Init                              0x08001dd1   Thumb Code   160  stm32f4xx_hal_sd.o(i.HAL_SD_Init)
    HAL_SD_MspInit                           0x08001e71   Thumb Code   248  sdio.o(i.HAL_SD_MspInit)
    HAL_SD_ReadBlocks_DMA                    0x08001f81   Thumb Code   226  stm32f4xx_hal_sd.o(i.HAL_SD_ReadBlocks_DMA)
    HAL_SD_StopTransfer                      0x08002071   Thumb Code    44  stm32f4xx_hal_sd.o(i.HAL_SD_StopTransfer)
    HAL_SD_WideBusOperation_Config           0x0800209d   Thumb Code    94  stm32f4xx_hal_sd.o(i.HAL_SD_WideBusOperation_Config)
    HAL_SD_WriteBlocks_DMA                   0x080020fd   Thumb Code   230  stm32f4xx_hal_sd.o(i.HAL_SD_WriteBlocks_DMA)
    HAL_SD_XferCpltCallback                  0x080021f1   Thumb Code     2  stm32f4xx_hal_sd.o(i.HAL_SD_XferCpltCallback)
    HAL_SD_XferErrorCallback                 0x080021f3   Thumb Code     2  stm32f4xx_hal_sd.o(i.HAL_SD_XferErrorCallback)
    HAL_SYSTICK_CLKSourceConfig              0x080021f5   Thumb Code    24  stm32f4xx_hal_cortex.o(i.HAL_SYSTICK_CLKSourceConfig)
    HAL_SYSTICK_Callback                     0x0800220d   Thumb Code     2  stm32f4xx_hal_cortex.o(i.HAL_SYSTICK_Callback)
    HAL_SYSTICK_Config                       0x0800220f   Thumb Code    40  stm32f4xx_hal_cortex.o(i.HAL_SYSTICK_Config)
    HAL_SYSTICK_IRQHandler                   0x08002237   Thumb Code     8  stm32f4xx_hal_cortex.o(i.HAL_SYSTICK_IRQHandler)
    HAL_TIMEx_BreakCallback                  0x0800223f   Thumb Code     2  stm32f4xx_hal_tim_ex.o(i.HAL_TIMEx_BreakCallback)
    HAL_TIMEx_CommutationCallback            0x08002241   Thumb Code     2  stm32f4xx_hal_tim_ex.o(i.HAL_TIMEx_CommutationCallback)
    HAL_TIMEx_MasterConfigSynchronization    0x08002243   Thumb Code    80  stm32f4xx_hal_tim_ex.o(i.HAL_TIMEx_MasterConfigSynchronization)
    HAL_TIM_Base_Init                        0x08002293   Thumb Code    54  stm32f4xx_hal_tim.o(i.HAL_TIM_Base_Init)
    HAL_TIM_Base_MspInit                     0x080022c9   Thumb Code    50  tim.o(i.HAL_TIM_Base_MspInit)
    HAL_TIM_Base_Start_IT                    0x08002301   Thumb Code    24  stm32f4xx_hal_tim.o(i.HAL_TIM_Base_Start_IT)
    HAL_TIM_Base_Stop_IT                     0x08002319   Thumb Code    42  stm32f4xx_hal_tim.o(i.HAL_TIM_Base_Stop_IT)
    HAL_TIM_ConfigClockSource                0x08002343   Thumb Code   242  stm32f4xx_hal_tim.o(i.HAL_TIM_ConfigClockSource)
    HAL_TIM_IC_CaptureCallback               0x08002435   Thumb Code     2  stm32f4xx_hal_tim.o(i.HAL_TIM_IC_CaptureCallback)
    HAL_TIM_IRQHandler                       0x08002437   Thumb Code   358  stm32f4xx_hal_tim.o(i.HAL_TIM_IRQHandler)
    HAL_TIM_OC_DelayElapsedCallback          0x0800259d   Thumb Code     2  stm32f4xx_hal_tim.o(i.HAL_TIM_OC_DelayElapsedCallback)
    HAL_TIM_PWM_PulseFinishedCallback        0x0800259f   Thumb Code     2  stm32f4xx_hal_tim.o(i.HAL_TIM_PWM_PulseFinishedCallback)
    HAL_TIM_PeriodElapsedCallback            0x080025a1   Thumb Code    10  main.o(i.HAL_TIM_PeriodElapsedCallback)
    HAL_TIM_TriggerCallback                  0x080025b1   Thumb Code     2  stm32f4xx_hal_tim.o(i.HAL_TIM_TriggerCallback)
    HAL_UART_Init                            0x080025b3   Thumb Code    98  stm32f4xx_hal_uart.o(i.HAL_UART_Init)
    HAL_UART_MspInit                         0x08002615   Thumb Code    64  usart.o(i.HAL_UART_MspInit)
    HardFault_Handler                        0x08002661   Thumb Code     2  stm32f4xx_it.o(i.HardFault_Handler)
    MX_DMA_Init                              0x08002665   Thumb Code    56  dma.o(i.MX_DMA_Init)
    MX_FATFS_Init                            0x080026a1   Thumb Code    18  fatfs.o(i.MX_FATFS_Init)
    MX_GPIO_Init                             0x080026bd   Thumb Code   126  gpio.o(i.MX_GPIO_Init)
    MX_SDIO_SD_Init                          0x08002745   Thumb Code    22  sdio.o(i.MX_SDIO_SD_Init)
    MX_TIM2_Init                             0x08002765   Thumb Code    80  tim.o(i.MX_TIM2_Init)
    MX_USART1_UART_Init                      0x080027b9   Thumb Code    48  usart.o(i.MX_USART1_UART_Init)
    MemManage_Handler                        0x080027f1   Thumb Code     2  stm32f4xx_it.o(i.MemManage_Handler)
    NMI_Handler                              0x080027f3   Thumb Code     2  stm32f4xx_it.o(i.NMI_Handler)
    PendSV_Handler                           0x08002815   Thumb Code     2  stm32f4xx_it.o(i.PendSV_Handler)
    SDIO_DataConfig                          0x08002817   Thumb Code    36  stm32f4xx_ll_sdmmc.o(i.SDIO_DataConfig)
    SDIO_GetCommandResponse                  0x0800283b   Thumb Code     6  stm32f4xx_ll_sdmmc.o(i.SDIO_GetCommandResponse)
    SDIO_GetPowerState                       0x08002841   Thumb Code     8  stm32f4xx_ll_sdmmc.o(i.SDIO_GetPowerState)
    SDIO_GetResponse                         0x08002849   Thumb Code    12  stm32f4xx_ll_sdmmc.o(i.SDIO_GetResponse)
    SDIO_IRQHandler                          0x08002859   Thumb Code     6  stm32f4xx_it.o(i.SDIO_IRQHandler)
    SDIO_Init                                0x08002865   Thumb Code    36  stm32f4xx_ll_sdmmc.o(i.SDIO_Init)
    SDIO_PowerState_ON                       0x08002889   Thumb Code     8  stm32f4xx_ll_sdmmc.o(i.SDIO_PowerState_ON)
    SDIO_ReadFIFO                            0x08002891   Thumb Code     6  stm32f4xx_ll_sdmmc.o(i.SDIO_ReadFIFO)
    SDIO_SendCommand                         0x08002897   Thumb Code    32  stm32f4xx_ll_sdmmc.o(i.SDIO_SendCommand)
    SD_initialize                            0x08002f09   Thumb Code    26  sd_diskio.o(i.SD_initialize)
    SD_ioctl                                 0x08002f29   Thumb Code    74  sd_diskio.o(i.SD_ioctl)
    SD_read                                  0x08002f79   Thumb Code    30  sd_diskio.o(i.SD_read)
    SD_status                                0x08002f99   Thumb Code    26  sd_diskio.o(i.SD_status)
    SD_write                                 0x08002fb9   Thumb Code    30  sd_diskio.o(i.SD_write)
    SVC_Handler                              0x08002fd7   Thumb Code     2  stm32f4xx_it.o(i.SVC_Handler)
    SysTick_Handler                          0x08002fd9   Thumb Code    14  stm32f4xx_it.o(i.SysTick_Handler)
    SystemClock_Config                       0x08002fe9   Thumb Code   148  main.o(i.SystemClock_Config)
    SystemInit                               0x08003085   Thumb Code    66  system_stm32f4xx.o(i.SystemInit)
    TIM2_IRQHandler                          0x080030d9   Thumb Code     6  stm32f4xx_it.o(i.TIM2_IRQHandler)
    TIM_Base_SetConfig                       0x080030e5   Thumb Code   148  stm32f4xx_hal_tim.o(i.TIM_Base_SetConfig)
    UsageFault_Handler                       0x080034bd   Thumb Code     2  stm32f4xx_it.o(i.UsageFault_Handler)
    __0printf                                0x080034c1   Thumb Code    22  printfa.o(i.__0printf)
    __1printf                                0x080034c1   Thumb Code     0  printfa.o(i.__0printf)
    __2printf                                0x080034c1   Thumb Code     0  printfa.o(i.__0printf)
    __c89printf                              0x080034c1   Thumb Code     0  printfa.o(i.__0printf)
    printf                                   0x080034c1   Thumb Code     0  printfa.o(i.__0printf)
    __scatterload_copy                       0x080034e1   Thumb Code    14  handlers.o(i.__scatterload_copy)
    __scatterload_null                       0x080034ef   Thumb Code     2  handlers.o(i.__scatterload_null)
    __scatterload_zeroinit                   0x080034f1   Thumb Code    14  handlers.o(i.__scatterload_zeroinit)
    clust2sect                               0x08003ebf   Thumb Code    30  ff.o(i.clust2sect)
    disk_initialize                          0x0800471d   Thumb Code    36  diskio.o(i.disk_initialize)
    disk_ioctl                               0x08004745   Thumb Code    24  diskio.o(i.disk_ioctl)
    disk_read                                0x08004761   Thumb Code    24  diskio.o(i.disk_read)
    disk_status                              0x0800477d   Thumb Code    18  diskio.o(i.disk_status)
    disk_write                               0x08004795   Thumb Code    24  diskio.o(i.disk_write)
    f_close                                  0x080047b1   Thumb Code    42  ff.o(i.f_close)
    f_mount                                  0x080047dd   Thumb Code    88  ff.o(i.f_mount)
    f_open                                   0x08004839   Thumb Code   420  ff.o(i.f_open)
    f_read                                   0x080049e1   Thumb Code   396  ff.o(i.f_read)
    f_sync                                   0x08004b6d   Thumb Code   178  ff.o(i.f_sync)
    ff_convert                               0x08004c21   Thumb Code    68  cc936.o(i.ff_convert)
    ff_wtoupper                              0x08004c6d   Thumb Code    28  cc936.o(i.ff_wtoupper)
    fputc                                    0x08004f85   Thumb Code    14  usart.o(i.fputc)
    get_fat                                  0x08005025   Thumb Code   194  ff.o(i.get_fat)
    main                                     0x080051d9   Thumb Code   478  main.o(i.main)
    put_fat                                  0x08005543   Thumb Code   248  ff.o(i.put_fat)
    APBAHBPrescTable                         0x0800581c   Data          16  stm32f4xx_hal_rcc.o(.constdata)
    SD_Driver                                0x0800582c   Data          20  sd_diskio.o(.constdata)
    Region$$Table$$Base                      0x08030544   Number         0  anon$$obj.o(Region$$Table)
    Region$$Table$$Limit                     0x08030564   Number         0  anon$$obj.o(Region$$Table)
    SystemError                              0x20000000   Data           1  main.o(.data)
    FirstSector                              0x20000004   Data           4  main.o(.data)
    NbOfSectors                              0x20000008   Data           4  main.o(.data)
    SectorError                              0x2000000c   Data           4  main.o(.data)
    copytime                                 0x20000010   Data           4  main.o(.data)
    Jump_To_Application                      0x20000014   Data           4  main.o(.data)
    bw                                       0x20000018   Data           4  main.o(.data)
    retSD                                    0x2000001c   Data           1  fatfs.o(.data)
    SD_Path                                  0x2000001d   Data           4  fatfs.o(.data)
    uwTick                                   0x20000024   Data           4  stm32f4xx_hal.o(.data)
    SystemCoreClock                          0x20000028   Data           4  system_stm32f4xx.o(.data)
    __stdout                                 0x20000038   Data           4  stdout.o(.data)
    huart1                                   0x2000003c   Data          64  usart.o(.bss)
    fs                                       0x2000007c   Data         564  main.o(.bss)
    file                                     0x200002b0   Data         556  main.o(.bss)
    ReadAppBuffer                            0x200004dc   Data         512  main.o(.bss)
    hsd                                      0x200006dc   Data          96  sdio.o(.bss)
    hdma_sdio_rx                             0x2000073c   Data          96  sdio.o(.bss)
    hdma_sdio_tx                             0x2000079c   Data          96  sdio.o(.bss)
    SDCardInfo                               0x20000800   Data          88  sdio.o(.bss)
    htim2                                    0x20000858   Data          60  tim.o(.bss)
    pFlash                                   0x20000894   Data          32  stm32f4xx_hal_flash.o(.bss)
    disk                                     0x200008cc   Data          12  ff_gen_drv.o(.bss)
    __initial_sp                             0x200028d8   Data           0  startup_stm32f407xx.o(STACK)



==============================================================================

Memory Map of the image

  Image Entry point : 0x08000189

  Load Region LR_IROM1 (Base: 0x08000000, Size: 0x000305a0, Max: 0x00080000, ABSOLUTE)

    Execution Region ER_IROM1 (Base: 0x08000000, Size: 0x00030564, Max: 0x00080000, ABSOLUTE)

    Base Addr    Size         Type   Attr      Idx    E Section Name        Object

    0x08000000   0x00000188   Data   RO         3133    RESET               startup_stm32f407xx.o
    0x08000188   0x00000000   Code   RO         3718  * .ARM.Collect$$$$00000000  mc_w.l(entry.o)
    0x08000188   0x00000004   Code   RO         3988    .ARM.Collect$$$$00000001  mc_w.l(entry2.o)
    0x0800018c   0x00000004   Code   RO         3991    .ARM.Collect$$$$00000004  mc_w.l(entry5.o)
    0x08000190   0x00000000   Code   RO         3993    .ARM.Collect$$$$00000008  mc_w.l(entry7b.o)
    0x08000190   0x00000000   Code   RO         3995    .ARM.Collect$$$$0000000A  mc_w.l(entry8b.o)
    0x08000190   0x00000008   Code   RO         3996    .ARM.Collect$$$$0000000B  mc_w.l(entry9a.o)
    0x08000198   0x00000000   Code   RO         3998    .ARM.Collect$$$$0000000D  mc_w.l(entry10a.o)
    0x08000198   0x00000000   Code   RO         4000    .ARM.Collect$$$$0000000F  mc_w.l(entry11a.o)
    0x08000198   0x00000004   Code   RO         3989    .ARM.Collect$$$$00002712  mc_w.l(entry2.o)
    0x0800019c   0x00000006   Code   RO          419    .emb_text           main.o
    0x080001a2   0x00000002   PAD
    0x080001a4   0x00000024   Code   RO         3134    .text               startup_stm32f407xx.o
    0x080001c8   0x000000de   Code   RO         3984    .text               mf_w.l(ddiv.o)
    0x080002a6   0x00000026   Code   RO         3986    .text               mf_w.l(f2d.o)
    0x080002cc   0x0000002c   Code   RO         4003    .text               mc_w.l(uidiv.o)
    0x080002f8   0x00000062   Code   RO         4005    .text               mc_w.l(uldiv.o)
    0x0800035a   0x00000000   Code   RO         4007    .text               mc_w.l(iusefp.o)
    0x0800035a   0x000000ba   Code   RO         4008    .text               mf_w.l(depilogue.o)
    0x08000414   0x0000014e   Code   RO         4010    .text               mf_w.l(dadd.o)
    0x08000562   0x000000e4   Code   RO         4012    .text               mf_w.l(dmul.o)
    0x08000646   0x00000030   Code   RO         4014    .text               mf_w.l(dfixul.o)
    0x08000676   0x00000002   PAD
    0x08000678   0x00000030   Code   RO         4016    .text               mf_w.l(cdrcmple.o)
    0x080006a8   0x00000024   Code   RO         4018    .text               mc_w.l(init.o)
    0x080006cc   0x0000001e   Code   RO         4020    .text               mc_w.l(llshl.o)
    0x080006ea   0x00000020   Code   RO         4022    .text               mc_w.l(llushr.o)
    0x0800070a   0x00000024   Code   RO         4024    .text               mc_w.l(llsshr.o)
    0x0800072e   0x00000002   PAD
    0x08000730   0x0000000c   Code   RO          235    i.BSP_SD_GetCardInfo  bsp_driver_sd.o
    0x0800073c   0x0000000c   Code   RO          236    i.BSP_SD_GetStatus  bsp_driver_sd.o
    0x08000748   0x0000003c   Code   RO          239    i.BSP_SD_Init       bsp_driver_sd.o
    0x08000784   0x00000034   Code   RO          242    i.BSP_SD_ReadBlocks_DMA  bsp_driver_sd.o
    0x080007b8   0x00000034   Code   RO          244    i.BSP_SD_WriteBlocks_DMA  bsp_driver_sd.o
    0x080007ec   0x00000002   Code   RO            4    i.BusFault_Handler  stm32f4xx_it.o
    0x080007ee   0x00000002   PAD
    0x080007f0   0x0000000c   Code   RO            5    i.DMA2_Stream3_IRQHandler  stm32f4xx_it.o
    0x080007fc   0x0000000c   Code   RO            6    i.DMA2_Stream6_IRQHandler  stm32f4xx_it.o
    0x08000808   0x00000028   Code   RO          688    i.DMA_CalcBaseAndBitshift  stm32f4xx_hal_dma.o
    0x08000830   0x00000054   Code   RO          689    i.DMA_CheckFifoParam  stm32f4xx_hal_dma.o
    0x08000884   0x00000028   Code   RO          690    i.DMA_SetConfig     stm32f4xx_hal_dma.o
    0x080008ac   0x00000002   Code   RO            7    i.DebugMon_Handler  stm32f4xx_it.o
    0x080008ae   0x00000002   PAD
    0x080008b0   0x00000128   Code   RO          420    i.Error_Handler     main.o
    0x080009d8   0x00000006   Code   RO         3591    i.FATFS_LinkDriver  ff_gen_drv.o
    0x080009de   0x00000002   PAD
    0x080009e0   0x00000040   Code   RO         3592    i.FATFS_LinkDriverEx  ff_gen_drv.o
    0x08000a20   0x00000058   Code   RO         2609    i.FLASH_Erase_Sector  stm32f4xx_hal_flash_ex.o
    0x08000a78   0x00000054   Code   RO         2610    i.FLASH_FlushCaches  stm32f4xx_hal_flash_ex.o
    0x08000acc   0x00000028   Code   RO         2611    i.FLASH_MassErase   stm32f4xx_hal_flash_ex.o
    0x08000af4   0x00000020   Code   RO         2371    i.FLASH_Program_Byte  stm32f4xx_hal_flash.o
    0x08000b14   0x00000028   Code   RO         2372    i.FLASH_Program_DoubleWord  stm32f4xx_hal_flash.o
    0x08000b3c   0x00000024   Code   RO         2373    i.FLASH_Program_HalfWord  stm32f4xx_hal_flash.o
    0x08000b60   0x00000024   Code   RO         2374    i.FLASH_Program_Word  stm32f4xx_hal_flash.o
    0x08000b84   0x00000088   Code   RO         2375    i.FLASH_SetErrorCode  stm32f4xx_hal_flash.o
    0x08000c0c   0x00000058   Code   RO         2376    i.FLASH_WaitForLastOperation  stm32f4xx_hal_flash.o
    0x08000c64   0x0000008e   Code   RO          691    i.HAL_DMA_Abort     stm32f4xx_hal_dma.o
    0x08000cf2   0x00000002   PAD
    0x08000cf4   0x000001a8   Code   RO          696    i.HAL_DMA_IRQHandler  stm32f4xx_hal_dma.o
    0x08000e9c   0x000000d0   Code   RO          697    i.HAL_DMA_Init      stm32f4xx_hal_dma.o
    0x08000f6c   0x00000078   Code   RO          701    i.HAL_DMA_Start_IT  stm32f4xx_hal_dma.o
    0x08000fe4   0x00000016   Code   RO         1775    i.HAL_Delay         stm32f4xx_hal.o
    0x08000ffa   0x00000002   PAD
    0x08000ffc   0x00000098   Code   RO         2612    i.HAL_FLASHEx_Erase  stm32f4xx_hal_flash_ex.o
    0x08001094   0x0000007c   Code   RO         2385    i.HAL_FLASH_Program  stm32f4xx_hal_flash.o
    0x08001110   0x00000028   Code   RO         2387    i.HAL_FLASH_Unlock  stm32f4xx_hal_flash.o
    0x08001138   0x000001b0   Code   RO         2672    i.HAL_GPIO_Init     stm32f4xx_hal_gpio.o
    0x080012e8   0x0000000a   Code   RO         2676    i.HAL_GPIO_WritePin  stm32f4xx_hal_gpio.o
    0x080012f2   0x00000002   PAD
    0x080012f4   0x0000000c   Code   RO         1781    i.HAL_GetTick       stm32f4xx_hal.o
    0x08001300   0x00000010   Code   RO         1782    i.HAL_IncTick       stm32f4xx_hal.o
    0x08001310   0x00000034   Code   RO         1783    i.HAL_Init          stm32f4xx_hal.o
    0x08001344   0x00000028   Code   RO         1784    i.HAL_InitTick      stm32f4xx_hal.o
    0x0800136c   0x00000058   Code   RO          206    i.HAL_MspInit       stm32f4xx_hal_msp.o
    0x080013c4   0x00000016   Code   RO         2977    i.HAL_NVIC_EnableIRQ  stm32f4xx_hal_cortex.o
    0x080013da   0x00000002   PAD
    0x080013dc   0x00000040   Code   RO         2983    i.HAL_NVIC_SetPriority  stm32f4xx_hal_cortex.o
    0x0800141c   0x00000024   Code   RO         2984    i.HAL_NVIC_SetPriorityGrouping  stm32f4xx_hal_cortex.o
    0x08001440   0x0000017c   Code   RO          795    i.HAL_RCC_ClockConfig  stm32f4xx_hal_rcc.o
    0x080015bc   0x0000000c   Code   RO          800    i.HAL_RCC_GetHCLKFreq  stm32f4xx_hal_rcc.o
    0x080015c8   0x00000030   Code   RO          802    i.HAL_RCC_GetPCLK1Freq  stm32f4xx_hal_rcc.o
    0x080015f8   0x00000030   Code   RO          803    i.HAL_RCC_GetPCLK2Freq  stm32f4xx_hal_rcc.o
    0x08001628   0x00000074   Code   RO          804    i.HAL_RCC_GetSysClockFreq  stm32f4xx_hal_rcc.o
    0x0800169c   0x000002e4   Code   RO          807    i.HAL_RCC_OscConfig  stm32f4xx_hal_rcc.o
    0x08001980   0x0000005e   Code   RO          899    i.HAL_SD_CheckReadOperation  stm32f4xx_hal_sd.o
    0x080019de   0x0000006c   Code   RO          900    i.HAL_SD_CheckWriteOperation  stm32f4xx_hal_sd.o
    0x08001a4a   0x00000002   Code   RO          901    i.HAL_SD_DMA_RxCpltCallback  stm32f4xx_hal_sd.o
    0x08001a4c   0x00000002   Code   RO          902    i.HAL_SD_DMA_RxErrorCallback  stm32f4xx_hal_sd.o
    0x08001a4e   0x00000002   Code   RO          903    i.HAL_SD_DMA_TxCpltCallback  stm32f4xx_hal_sd.o
    0x08001a50   0x00000002   Code   RO          904    i.HAL_SD_DMA_TxErrorCallback  stm32f4xx_hal_sd.o
    0x08001a52   0x0000004e   Code   RO          908    i.HAL_SD_GetStatus  stm32f4xx_hal_sd.o
    0x08001aa0   0x000002b4   Code   RO          909    i.HAL_SD_Get_CardInfo  stm32f4xx_hal_sd.o
    0x08001d54   0x0000007c   Code   RO          911    i.HAL_SD_IRQHandler  stm32f4xx_hal_sd.o
    0x08001dd0   0x000000a0   Code   RO          912    i.HAL_SD_Init       stm32f4xx_hal_sd.o
    0x08001e70   0x00000110   Code   RO          533    i.HAL_SD_MspInit    sdio.o
    0x08001f80   0x000000f0   Code   RO          916    i.HAL_SD_ReadBlocks_DMA  stm32f4xx_hal_sd.o
    0x08002070   0x0000002c   Code   RO          918    i.HAL_SD_StopTransfer  stm32f4xx_hal_sd.o
    0x0800209c   0x0000005e   Code   RO          919    i.HAL_SD_WideBusOperation_Config  stm32f4xx_hal_sd.o
    0x080020fa   0x00000002   PAD
    0x080020fc   0x000000f4   Code   RO          921    i.HAL_SD_WriteBlocks_DMA  stm32f4xx_hal_sd.o
    0x080021f0   0x00000002   Code   RO          922    i.HAL_SD_XferCpltCallback  stm32f4xx_hal_sd.o
    0x080021f2   0x00000002   Code   RO          923    i.HAL_SD_XferErrorCallback  stm32f4xx_hal_sd.o
    0x080021f4   0x00000018   Code   RO         2986    i.HAL_SYSTICK_CLKSourceConfig  stm32f4xx_hal_cortex.o
    0x0800220c   0x00000002   Code   RO         2987    i.HAL_SYSTICK_Callback  stm32f4xx_hal_cortex.o
    0x0800220e   0x00000028   Code   RO         2988    i.HAL_SYSTICK_Config  stm32f4xx_hal_cortex.o
    0x08002236   0x00000008   Code   RO         2989    i.HAL_SYSTICK_IRQHandler  stm32f4xx_hal_cortex.o
    0x0800223e   0x00000002   Code   RO         2735    i.HAL_TIMEx_BreakCallback  stm32f4xx_hal_tim_ex.o
    0x08002240   0x00000002   Code   RO         2736    i.HAL_TIMEx_CommutationCallback  stm32f4xx_hal_tim_ex.o
    0x08002242   0x00000050   Code   RO         2752    i.HAL_TIMEx_MasterConfigSynchronization  stm32f4xx_hal_tim_ex.o
    0x08002292   0x00000036   Code   RO         1139    i.HAL_TIM_Base_Init  stm32f4xx_hal_tim.o
    0x080022c8   0x00000038   Code   RO          606    i.HAL_TIM_Base_MspInit  tim.o
    0x08002300   0x00000018   Code   RO         1144    i.HAL_TIM_Base_Start_IT  stm32f4xx_hal_tim.o
    0x08002318   0x0000002a   Code   RO         1147    i.HAL_TIM_Base_Stop_IT  stm32f4xx_hal_tim.o
    0x08002342   0x000000f2   Code   RO         1148    i.HAL_TIM_ConfigClockSource  stm32f4xx_hal_tim.o
    0x08002434   0x00000002   Code   RO         1168    i.HAL_TIM_IC_CaptureCallback  stm32f4xx_hal_tim.o
    0x08002436   0x00000166   Code   RO         1181    i.HAL_TIM_IRQHandler  stm32f4xx_hal_tim.o
    0x0800259c   0x00000002   Code   RO         1184    i.HAL_TIM_OC_DelayElapsedCallback  stm32f4xx_hal_tim.o
    0x0800259e   0x00000002   Code   RO         1211    i.HAL_TIM_PWM_PulseFinishedCallback  stm32f4xx_hal_tim.o
    0x080025a0   0x00000010   Code   RO          421    i.HAL_TIM_PeriodElapsedCallback  main.o
    0x080025b0   0x00000002   Code   RO         1222    i.HAL_TIM_TriggerCallback  stm32f4xx_hal_tim.o
    0x080025b2   0x00000062   Code   RO         2039    i.HAL_UART_Init     stm32f4xx_hal_uart.o
    0x08002614   0x0000004c   Code   RO          369    i.HAL_UART_MspInit  usart.o
    0x08002660   0x00000002   Code   RO            8    i.HardFault_Handler  stm32f4xx_it.o
    0x08002662   0x00000002   PAD
    0x08002664   0x0000003c   Code   RO          341    i.MX_DMA_Init       dma.o
    0x080026a0   0x0000001c   Code   RO          575    i.MX_FATFS_Init     fatfs.o
    0x080026bc   0x00000088   Code   RO          508    i.MX_GPIO_Init      gpio.o
    0x08002744   0x00000020   Code   RO          534    i.MX_SDIO_SD_Init   sdio.o
    0x08002764   0x00000054   Code   RO          607    i.MX_TIM2_Init      tim.o
    0x080027b8   0x00000038   Code   RO          370    i.MX_USART1_UART_Init  usart.o
    0x080027f0   0x00000002   Code   RO            9    i.MemManage_Handler  stm32f4xx_it.o
    0x080027f2   0x00000002   Code   RO           10    i.NMI_Handler       stm32f4xx_it.o
    0x080027f4   0x00000020   Code   RO         2990    i.NVIC_SetPriority  stm32f4xx_hal_cortex.o
    0x08002814   0x00000002   Code   RO           11    i.PendSV_Handler    stm32f4xx_it.o
    0x08002816   0x00000024   Code   RO         2275    i.SDIO_DataConfig   stm32f4xx_ll_sdmmc.o
    0x0800283a   0x00000006   Code   RO         2276    i.SDIO_GetCommandResponse  stm32f4xx_ll_sdmmc.o
    0x08002840   0x00000008   Code   RO         2279    i.SDIO_GetPowerState  stm32f4xx_ll_sdmmc.o
    0x08002848   0x00000010   Code   RO         2280    i.SDIO_GetResponse  stm32f4xx_ll_sdmmc.o
    0x08002858   0x0000000c   Code   RO           12    i.SDIO_IRQHandler   stm32f4xx_it.o
    0x08002864   0x00000024   Code   RO         2281    i.SDIO_Init         stm32f4xx_ll_sdmmc.o
    0x08002888   0x00000008   Code   RO         2283    i.SDIO_PowerState_ON  stm32f4xx_ll_sdmmc.o
    0x08002890   0x00000006   Code   RO         2284    i.SDIO_ReadFIFO     stm32f4xx_ll_sdmmc.o
    0x08002896   0x00000020   Code   RO         2285    i.SDIO_SendCommand  stm32f4xx_ll_sdmmc.o
    0x080028b6   0x00000002   PAD
    0x080028b8   0x000000ec   Code   RO          924    i.SD_CmdResp1Error  stm32f4xx_hal_sd.o
    0x080029a4   0x0000002e   Code   RO          925    i.SD_CmdResp2Error  stm32f4xx_hal_sd.o
    0x080029d2   0x00000072   Code   RO          926    i.SD_CmdResp6Error  stm32f4xx_hal_sd.o
    0x08002a44   0x00000040   Code   RO          927    i.SD_CmdResp7Error  stm32f4xx_hal_sd.o
    0x08002a84   0x00000014   Code   RO          928    i.SD_DMA_RxCplt     stm32f4xx_hal_sd.o
    0x08002a98   0x0000000c   Code   RO          929    i.SD_DMA_RxError    stm32f4xx_hal_sd.o
    0x08002aa4   0x00000014   Code   RO          930    i.SD_DMA_TxCplt     stm32f4xx_hal_sd.o
    0x08002ab8   0x0000000c   Code   RO          931    i.SD_DMA_TxError    stm32f4xx_hal_sd.o
    0x08002ac4   0x0000010a   Code   RO          932    i.SD_FindSCR        stm32f4xx_hal_sd.o
    0x08002bce   0x000000dc   Code   RO          933    i.SD_Initialize_Cards  stm32f4xx_hal_sd.o
    0x08002caa   0x00000002   PAD
    0x08002cac   0x00000174   Code   RO          935    i.SD_PowerON        stm32f4xx_hal_sd.o
    0x08002e20   0x00000072   Code   RO          936    i.SD_WideBus_Disable  stm32f4xx_hal_sd.o
    0x08002e92   0x00000074   Code   RO          937    i.SD_WideBus_Enable  stm32f4xx_hal_sd.o
    0x08002f06   0x00000002   PAD
    0x08002f08   0x00000020   Code   RO         3141    i.SD_initialize     sd_diskio.o
    0x08002f28   0x00000050   Code   RO         3142    i.SD_ioctl          sd_diskio.o
    0x08002f78   0x0000001e   Code   RO         3143    i.SD_read           sd_diskio.o
    0x08002f96   0x00000002   PAD
    0x08002f98   0x00000020   Code   RO         3144    i.SD_status         sd_diskio.o
    0x08002fb8   0x0000001e   Code   RO         3145    i.SD_write          sd_diskio.o
    0x08002fd6   0x00000002   Code   RO           13    i.SVC_Handler       stm32f4xx_it.o
    0x08002fd8   0x0000000e   Code   RO           14    i.SysTick_Handler   stm32f4xx_it.o
    0x08002fe6   0x00000002   PAD
    0x08002fe8   0x0000009c   Code   RO          422    i.SystemClock_Config  main.o
    0x08003084   0x00000054   Code   RO         3098    i.SystemInit        system_stm32f4xx.o
    0x080030d8   0x0000000c   Code   RO           15    i.TIM2_IRQHandler   stm32f4xx_it.o
    0x080030e4   0x000000c0   Code   RO         1223    i.TIM_Base_SetConfig  stm32f4xx_hal_tim.o
    0x080031a4   0x00000014   Code   RO         1230    i.TIM_ETR_SetConfig  stm32f4xx_hal_tim.o
    0x080031b8   0x00000010   Code   RO         1231    i.TIM_ITRx_SetConfig  stm32f4xx_hal_tim.o
    0x080031c8   0x00000022   Code   RO         1237    i.TIM_TI1_ConfigInputStage  stm32f4xx_hal_tim.o
    0x080031ea   0x00000024   Code   RO         1239    i.TIM_TI2_ConfigInputStage  stm32f4xx_hal_tim.o
    0x0800320e   0x00000002   PAD
    0x08003210   0x000002ac   Code   RO         2061    i.UART_SetConfig    stm32f4xx_hal_uart.o
    0x080034bc   0x00000002   Code   RO           16    i.UsageFault_Handler  stm32f4xx_it.o
    0x080034be   0x00000002   PAD
    0x080034c0   0x00000020   Code   RO         3956    i.__0printf         mc_w.l(printfa.o)
    0x080034e0   0x0000000e   Code   RO         4028    i.__scatterload_copy  mc_w.l(handlers.o)
    0x080034ee   0x00000002   Code   RO         4029    i.__scatterload_null  mc_w.l(handlers.o)
    0x080034f0   0x0000000e   Code   RO         4030    i.__scatterload_zeroinit  mc_w.l(handlers.o)
    0x080034fe   0x00000002   PAD
    0x08003500   0x00000164   Code   RO         3963    i._fp_digits        mc_w.l(printfa.o)
    0x08003664   0x000006dc   Code   RO         3964    i._printf_core      mc_w.l(printfa.o)
    0x08003d40   0x00000024   Code   RO         3965    i._printf_post_padding  mc_w.l(printfa.o)
    0x08003d64   0x0000002e   Code   RO         3966    i._printf_pre_padding  mc_w.l(printfa.o)
    0x08003d92   0x00000002   PAD
    0x08003d94   0x00000060   Code   RO         3200    i.check_fs          ff.o
    0x08003df4   0x00000010   Code   RO         3201    i.chk_chr           ff.o
    0x08003e04   0x0000006c   Code   RO         3202    i.chk_lock          ff.o
    0x08003e70   0x00000024   Code   RO         3203    i.clear_lock        ff.o
    0x08003e94   0x0000002a   Code   RO         3204    i.clmt_clust        ff.o
    0x08003ebe   0x0000001e   Code   RO         3205    i.clust2sect        ff.o
    0x08003edc   0x000000b0   Code   RO         3206    i.create_chain      ff.o
    0x08003f8c   0x00000280   Code   RO         3207    i.create_name       ff.o
    0x0800420c   0x0000003c   Code   RO         3208    i.dec_lock          ff.o
    0x08004248   0x00000144   Code   RO         3209    i.dir_find          ff.o
    0x0800438c   0x0000011e   Code   RO         3210    i.dir_next          ff.o
    0x080044aa   0x00000002   PAD
    0x080044ac   0x000001d8   Code   RO         3212    i.dir_register      ff.o
    0x08004684   0x00000098   Code   RO         3214    i.dir_sdi           ff.o
    0x0800471c   0x00000028   Code   RO         3641    i.disk_initialize   diskio.o
    0x08004744   0x0000001c   Code   RO         3642    i.disk_ioctl        diskio.o
    0x08004760   0x0000001c   Code   RO         3643    i.disk_read         diskio.o
    0x0800477c   0x00000018   Code   RO         3644    i.disk_status       diskio.o
    0x08004794   0x0000001c   Code   RO         3645    i.disk_write        diskio.o
    0x080047b0   0x0000002a   Code   RO         3217    i.f_close           ff.o
    0x080047da   0x00000002   PAD
    0x080047dc   0x0000005c   Code   RO         3225    i.f_mount           ff.o
    0x08004838   0x000001a8   Code   RO         3226    i.f_open            ff.o
    0x080049e0   0x0000018c   Code   RO         3231    i.f_read            ff.o
    0x08004b6c   0x000000b2   Code   RO         3235    i.f_sync            ff.o
    0x08004c1e   0x00000002   PAD
    0x08004c20   0x0000004c   Code   RO         3552    i.ff_convert        cc936.o
    0x08004c6c   0x00000024   Code   RO         3553    i.ff_wtoupper       cc936.o
    0x08004c90   0x00000260   Code   RO         3240    i.find_volume       ff.o
    0x08004ef0   0x00000094   Code   RO         3241    i.follow_path       ff.o
    0x08004f84   0x00000014   Code   RO          371    i.fputc             usart.o
    0x08004f98   0x0000008c   Code   RO         3242    i.gen_numname       ff.o
    0x08005024   0x000000c2   Code   RO         3243    i.get_fat           ff.o
    0x080050e6   0x0000003c   Code   RO         3245    i.get_ldnumber      ff.o
    0x08005122   0x00000002   PAD
    0x08005124   0x000000a0   Code   RO         3246    i.inc_lock          ff.o
    0x080051c4   0x00000014   Code   RO         3247    i.ld_clust          ff.o
    0x080051d8   0x00000314   Code   RO          423    i.main              main.o
    0x080054ec   0x00000012   Code   RO         3248    i.mem_cpy           ff.o
    0x080054fe   0x0000000e   Code   RO         3249    i.mem_set           ff.o
    0x0800550c   0x00000036   Code   RO         3250    i.move_window       ff.o
    0x08005542   0x000000f8   Code   RO         3251    i.put_fat           ff.o
    0x0800563a   0x0000006e   Code   RO         3253    i.remove_chain      ff.o
    0x080056a8   0x00000010   Code   RO         3254    i.st_clust          ff.o
    0x080056b8   0x0000001a   Code   RO         3255    i.sum_sfn           ff.o
    0x080056d2   0x000000b6   Code   RO         3256    i.sync_fs           ff.o
    0x08005788   0x00000060   Code   RO         3257    i.sync_window       ff.o
    0x080057e8   0x0000002c   Code   RO         3258    i.validate          ff.o
    0x08005814   0x00000008   Data   RO          703    .constdata          stm32f4xx_hal_dma.o
    0x0800581c   0x00000010   Data   RO          808    .constdata          stm32f4xx_hal_rcc.o
    0x0800582c   0x00000014   Data   RO         3146    .constdata          sd_diskio.o
    0x08005840   0x0000003a   Data   RO         3260    .constdata          ff.o
    0x0800587a   0x0002acc8   Data   RO         3554    .constdata          cc936.o
    0x08030542   0x00000002   PAD
    0x08030544   0x00000020   Data   RO         4026    Region$$Table       anon$$obj.o


    Execution Region RW_IRAM1 (Base: 0x20000000, Size: 0x000028d8, Max: 0x00020000, ABSOLUTE)

    Base Addr    Size         Type   Attr      Idx    E Section Name        Object

    0x20000000   0x0000001c   Data   RW          425    .data               main.o
    0x2000001c   0x00000005   Data   RW          576    .data               fatfs.o
    0x20000021   0x00000003   PAD
    0x20000024   0x00000004   Data   RW         1789    .data               stm32f4xx_hal.o
    0x20000028   0x00000004   Data   RW         3100    .data               system_stm32f4xx.o
    0x2000002c   0x00000001   Data   RW         3147    .data               sd_diskio.o
    0x2000002d   0x00000003   PAD
    0x20000030   0x00000008   Data   RW         3261    .data               ff.o
    0x20000038   0x00000004   Data   RW         4002    .data               mc_w.l(stdout.o)
    0x2000003c   0x00000040   Zero   RW          372    .bss                usart.o
    0x2000007c   0x00000660   Zero   RW          424    .bss                main.o
    0x200006dc   0x00000120   Zero   RW          535    .bss                sdio.o
    0x200007fc   0x00000004   PAD
    0x20000800   0x00000058   Zero   RW          536    .bss                sdio.o
    0x20000858   0x0000003c   Zero   RW          608    .bss                tim.o
    0x20000894   0x00000020   Zero   RW         2388    .bss                stm32f4xx_hal_flash.o
    0x200008b4   0x00000018   Zero   RW         3259    .bss                ff.o
    0x200008cc   0x0000000c   Zero   RW         3595    .bss                ff_gen_drv.o
    0x200008d8   0x00002000   Zero   RW         3131    STACK               startup_stm32f407xx.o


==============================================================================

Image component sizes


      Code (inc. data)   RO Data    RW Data    ZI Data      Debug   Object Name

       188         40          0          0          0       3322   bsp_driver_sd.o
       112         16     175304          0          0       2507   cc936.o
       148         22          0          0          0       3385   diskio.o
        60          4          0          0          0        754   dma.o
        28         10          0          5          0        940   fatfs.o
      5708         82         58          8         24      31177   ff.o
        70          4          0          0         12       1475   ff_gen_drv.o
       136         10          0          0          0        963   gpio.o
      1262        536          0         28       1632       9523   main.o
       204         18         20          1          0       3996   sd_diskio.o
       304         34          0          0        376       1774   sdio.o
        36          8        392          0       8192        800   startup_stm32f407xx.o
       142         22          0          4          0       4135   stm32f4xx_hal.o
       228         14          0          0          0      31605   stm32f4xx_hal_cortex.o
      1058         22          8          0          0       5923   stm32f4xx_hal_dma.o
       532         60          0          0         32       5645   stm32f4xx_hal_flash.o
       364         22          0          0          0       3742   stm32f4xx_hal_flash_ex.o
       442         44          0          0          0       2288   stm32f4xx_hal_gpio.o
        88          0          0          0          0        518   stm32f4xx_hal_msp.o
      1344         80         16          0          0       5699   stm32f4xx_hal_rcc.o
      3502         42          0          0          0      25435   stm32f4xx_hal_sd.o
      1026         44          0          0          0       9882   stm32f4xx_hal_tim.o
        84          0          0          0          0       2346   stm32f4xx_hal_tim_ex.o
       782          8          0          0          0       1960   stm32f4xx_hal_uart.o
        78         24          0          0          0     345546   stm32f4xx_it.o
       148          4          0          0          0       5168   stm32f4xx_ll_sdmmc.o
        84         18          0          4          0       1333   system_stm32f4xx.o
       140         10          0          0         60       1610   tim.o
       152         26          0          0         64       2078   usart.o

    ----------------------------------------------------------------------
     18492       1224     175832         56      10396     515529   Object Totals
         0          0         32          0          0          0   (incl. Generated)
        42          0          2          6          4          0   (incl. Padding)

    ----------------------------------------------------------------------

      Code (inc. data)   RO Data    RW Data    ZI Data      Debug   Library Member Name

         0          0          0          0          0          0   entry.o
         0          0          0          0          0          0   entry10a.o
         0          0          0          0          0          0   entry11a.o
         8          4          0          0          0          0   entry2.o
         4          0          0          0          0          0   entry5.o
         0          0          0          0          0          0   entry7b.o
         0          0          0          0          0          0   entry8b.o
         8          4          0          0          0          0   entry9a.o
        30          0          0          0          0          0   handlers.o
        36          8          0          0          0         68   init.o
         0          0          0          0          0          0   iusefp.o
        30          0          0          0          0         68   llshl.o
        36          0          0          0          0         68   llsshr.o
        32          0          0          0          0         68   llushr.o
      2226         90          0          0          0        444   printfa.o
         0          0          0          4          0          0   stdout.o
        44          0          0          0          0         80   uidiv.o
        98          0          0          0          0         92   uldiv.o
        48          0          0          0          0         68   cdrcmple.o
       334          0          0          0          0        148   dadd.o
       222          0          0          0          0        100   ddiv.o
       186          0          0          0          0        176   depilogue.o
        48          0          0          0          0         68   dfixul.o
       228          0          0          0          0         96   dmul.o
        38          0          0          0          0         68   f2d.o

    ----------------------------------------------------------------------
      3664        106          0          4          0       1612   Library Totals
         8          0          0          0          0          0   (incl. Padding)

    ----------------------------------------------------------------------

      Code (inc. data)   RO Data    RW Data    ZI Data      Debug   Library Name

      2552        106          0          4          0        888   mc_w.l
      1104          0          0          0          0        724   mf_w.l

    ----------------------------------------------------------------------
      3664        106          0          4          0       1612   Library Totals

    ----------------------------------------------------------------------

==============================================================================


      Code (inc. data)   RO Data    RW Data    ZI Data      Debug   

     22156       1330     175832         60      10396     499365   Grand Totals
     22156       1330     175832         60      10396     499365   ELF Image Totals
     22156       1330     175832         60          0          0   ROM Totals

==============================================================================

    Total RO  Size (Code + RO Data)               197988 ( 193.35kB)
    Total RW  Size (RW Data + ZI Data)             10456 (  10.21kB)
    Total ROM Size (Code + RO Data + RW Data)     198048 ( 193.41kB)

==============================================================================

